Component: ARM Compiler 5.06 update 1 (build 61) Tool: armlink [4d35a8]

==============================================================================

Section Cross References

    startup_stm32f10x_md.o(RESET) refers to startup_stm32f10x_md.o(STACK) for __initial_sp
    startup_stm32f10x_md.o(RESET) refers to startup_stm32f10x_md.o(.text) for Reset_Handler
    startup_stm32f10x_md.o(RESET) refers to stm32f10x_it.o(i.NMI_Handler) for NMI_Handler
    startup_stm32f10x_md.o(RESET) refers to stm32f10x_it.o(i.HardFault_Handler) for HardFault_Handler
    startup_stm32f10x_md.o(RESET) refers to stm32f10x_it.o(i.MemManage_Handler) for MemManage_Handler
    startup_stm32f10x_md.o(RESET) refers to stm32f10x_it.o(i.BusFault_Handler) for BusFault_Handler
    startup_stm32f10x_md.o(RESET) refers to stm32f10x_it.o(i.UsageFault_Handler) for UsageFault_Handler
    startup_stm32f10x_md.o(RESET) refers to port.o(.emb_text) for SVC_Handler
    startup_stm32f10x_md.o(RESET) refers to stm32f10x_it.o(i.DebugMon_Handler) for DebugMon_Handler
    startup_stm32f10x_md.o(RESET) refers to stm32f10x_it.o(i.SysTick_Handler) for SysTick_Handler
    startup_stm32f10x_md.o(RESET) refers to wwdg.o(i.WWDG_IRQHandler) for WWDG_IRQHandler
    startup_stm32f10x_md.o(RESET) refers to exti.o(i.EXTI9_5_IRQHandler) for EXTI9_5_IRQHandler
    startup_stm32f10x_md.o(RESET) refers to time.o(i.TIM3_IRQHandler) for TIM3_IRQHandler
    startup_stm32f10x_md.o(RESET) refers to cap.o(i.TIM4_IRQHandler) for TIM4_IRQHandler
    startup_stm32f10x_md.o(RESET) refers to usart_1.o(i.USART1_IRQHandler) for USART1_IRQHandler
    startup_stm32f10x_md.o(.text) refers to system_stm32f10x.o(i.SystemInit) for SystemInit
    startup_stm32f10x_md.o(.text) refers to entry.o(.ARM.Collect$$$$00000000) for __main
    stm32f10x_adc.o(i.ADC_DeInit) refers to stm32f10x_rcc.o(i.RCC_APB2PeriphResetCmd) for RCC_APB2PeriphResetCmd
    stm32f10x_bkp.o(i.BKP_DeInit) refers to stm32f10x_rcc.o(i.RCC_BackupResetCmd) for RCC_BackupResetCmd
    stm32f10x_can.o(i.CAN_DeInit) refers to stm32f10x_rcc.o(i.RCC_APB1PeriphResetCmd) for RCC_APB1PeriphResetCmd
    stm32f10x_can.o(i.CAN_GetITStatus) refers to stm32f10x_can.o(i.CheckITStatus) for CheckITStatus
    stm32f10x_cec.o(i.CEC_DeInit) refers to stm32f10x_rcc.o(i.RCC_APB1PeriphResetCmd) for RCC_APB1PeriphResetCmd
    stm32f10x_dac.o(i.DAC_DeInit) refers to stm32f10x_rcc.o(i.RCC_APB1PeriphResetCmd) for RCC_APB1PeriphResetCmd
    stm32f10x_flash.o(i.FLASH_EnableWriteProtection) refers to stm32f10x_flash.o(i.FLASH_WaitForLastOperation) for FLASH_WaitForLastOperation
    stm32f10x_flash.o(i.FLASH_EraseAllBank1Pages) refers to stm32f10x_flash.o(i.FLASH_WaitForLastBank1Operation) for FLASH_WaitForLastBank1Operation
    stm32f10x_flash.o(i.FLASH_EraseAllPages) refers to stm32f10x_flash.o(i.FLASH_WaitForLastOperation) for FLASH_WaitForLastOperation
    stm32f10x_flash.o(i.FLASH_EraseOptionBytes) refers to stm32f10x_flash.o(i.FLASH_GetReadOutProtectionStatus) for FLASH_GetReadOutProtectionStatus
    stm32f10x_flash.o(i.FLASH_EraseOptionBytes) refers to stm32f10x_flash.o(i.FLASH_WaitForLastOperation) for FLASH_WaitForLastOperation
    stm32f10x_flash.o(i.FLASH_ErasePage) refers to stm32f10x_flash.o(i.FLASH_WaitForLastOperation) for FLASH_WaitForLastOperation
    stm32f10x_flash.o(i.FLASH_ProgramHalfWord) refers to stm32f10x_flash.o(i.FLASH_WaitForLastOperation) for FLASH_WaitForLastOperation
    stm32f10x_flash.o(i.FLASH_ProgramOptionByteData) refers to stm32f10x_flash.o(i.FLASH_WaitForLastOperation) for FLASH_WaitForLastOperation
    stm32f10x_flash.o(i.FLASH_ProgramWord) refers to stm32f10x_flash.o(i.FLASH_WaitForLastOperation) for FLASH_WaitForLastOperation
    stm32f10x_flash.o(i.FLASH_ReadOutProtection) refers to stm32f10x_flash.o(i.FLASH_WaitForLastOperation) for FLASH_WaitForLastOperation
    stm32f10x_flash.o(i.FLASH_UserOptionByteConfig) refers to stm32f10x_flash.o(i.FLASH_WaitForLastOperation) for FLASH_WaitForLastOperation
    stm32f10x_flash.o(i.FLASH_WaitForLastBank1Operation) refers to stm32f10x_flash.o(i.FLASH_GetBank1Status) for FLASH_GetBank1Status
    stm32f10x_flash.o(i.FLASH_WaitForLastOperation) refers to stm32f10x_flash.o(i.FLASH_GetBank1Status) for FLASH_GetBank1Status
    stm32f10x_gpio.o(i.GPIO_AFIODeInit) refers to stm32f10x_rcc.o(i.RCC_APB2PeriphResetCmd) for RCC_APB2PeriphResetCmd
    stm32f10x_gpio.o(i.GPIO_DeInit) refers to stm32f10x_rcc.o(i.RCC_APB2PeriphResetCmd) for RCC_APB2PeriphResetCmd
    stm32f10x_i2c.o(i.I2C_DeInit) refers to stm32f10x_rcc.o(i.RCC_APB1PeriphResetCmd) for RCC_APB1PeriphResetCmd
    stm32f10x_i2c.o(i.I2C_Init) refers to stm32f10x_rcc.o(i.RCC_GetClocksFreq) for RCC_GetClocksFreq
    stm32f10x_pwr.o(i.PWR_DeInit) refers to stm32f10x_rcc.o(i.RCC_APB1PeriphResetCmd) for RCC_APB1PeriphResetCmd
    stm32f10x_rcc.o(i.RCC_GetClocksFreq) refers to stm32f10x_rcc.o(.data) for APBAHBPrescTable
    stm32f10x_rcc.o(i.RCC_WaitForHSEStartUp) refers to stm32f10x_rcc.o(i.RCC_GetFlagStatus) for RCC_GetFlagStatus
[...]
    i.I2C_GPIO_Config                        0x080011b4   Section        0  eeprom.o(i.I2C_GPIO_Config)
    I2C_GPIO_Config                          0x080011b5   Thumb Code    46  eeprom.o(i.I2C_GPIO_Config)
    i.I2C_GenerateSTART                      0x080011e8   Section        0  stm32f10x_i2c.o(i.I2C_GenerateSTART)
    i.I2C_GenerateSTOP                       0x08001200   Section        0  stm32f10x_i2c.o(i.I2C_GenerateSTOP)
    i.I2C_GetFlagStatus                      0x08001218   Section        0  stm32f10x_i2c.o(i.I2C_GetFlagStatus)
    i.I2C_Init                               0x08001254   Section        0  stm32f10x_i2c.o(i.I2C_Init)
    i.I2C_Mode_Configu                       0x08001340   Section        0  eeprom.o(i.I2C_Mode_Configu)
    I2C_Mode_Configu                         0x08001341   Thumb Code    58  eeprom.o(i.I2C_Mode_Configu)
    i.I2C_ReadRegister                       0x08001384   Section        0  stm32f10x_i2c.o(i.I2C_ReadRegister)
    i.I2C_ReceiveData                        0x0800139a   Section        0  stm32f10x_i2c.o(i.I2C_ReceiveData)
    i.I2C_Send7bitAddress                    0x080013a2   Section        0  stm32f10x_i2c.o(i.I2C_Send7bitAddress)
    i.I2C_SendData                           0x080013b4   Section        0  stm32f10x_i2c.o(i.I2C_SendData)
    i.I2C_TIMEOUT_UserCallback               0x080013b8   Section        0  eeprom.o(i.I2C_TIMEOUT_UserCallback)
    I2C_TIMEOUT_UserCallback                 0x080013b9   Thumb Code    16  eeprom.o(i.I2C_TIMEOUT_UserCallback)
    i.MemManage_Handler                      0x08001404   Section        0  stm32f10x_it.o(i.MemManage_Handler)
    i.NMI_Handler                            0x08001408   Section        0  stm32f10x_it.o(i.NMI_Handler)
    i.NVIC_Init                              0x0800140c   Section        0  misc.o(i.NVIC_Init)
    i.NVIC_PriorityGroupConfig               0x0800147c   Section        0  misc.o(i.NVIC_PriorityGroupConfig)
    i.RCC_ADCCLKConfig                       0x08001490   Section        0  stm32f10x_rcc.o(i.RCC_ADCCLKConfig)
    i.RCC_APB1PeriphClockCmd                 0x080014a8   Section        0  stm32f10x_rcc.o(i.RCC_APB1PeriphClockCmd)
    i.RCC_APB2PeriphClockCmd                 0x080014c8   Section        0  stm32f10x_rcc.o(i.RCC_APB2PeriphClockCmd)
    i.RCC_GetClocksFreq                      0x080014e8   Section        0  stm32f10x_rcc.o(i.RCC_GetClocksFreq)
    i.SPI_Cmd                                0x080015bc   Section        0  stm32f10x_spi.o(i.SPI_Cmd)
    i.SPI_I2S_GetFlagStatus                  0x080015d4   Section        0  stm32f10x_spi.o(i.SPI_I2S_GetFlagStatus)
    i.SPI_I2S_SendData                       0x080015e6   Section        0  stm32f10x_spi.o(i.SPI_I2S_SendData)
    i.SPI_Init                               0x080015ea   Section        0  stm32f10x_spi.o(i.SPI_Init)
    i.SetSysClock                            0x08001626   Section        0  system_stm32f10x.o(i.SetSysClock)
    SetSysClock                              0x08001627   Thumb Code     8  system_stm32f10x.o(i.SetSysClock)
    i.SetSysClockTo72                        0x08001630   Section        0  system_stm32f10x.o(i.SetSysClockTo72)
    SetSysClockTo72                          0x08001631   Thumb Code   214  system_stm32f10x.o(i.SetSysClockTo72)
    i.SysTick_CLKSourceConfig                0x08001710   Section        0  misc.o(i.SysTick_CLKSourceConfig)
    i.SysTick_Handler                        0x08001738   Section        0  stm32f10x_it.o(i.SysTick_Handler)
    i.SystemInit                             0x08001740   Section        0  system_stm32f10x.o(i.SystemInit)
    i.TIM3_IRQHandler                        0x080017a0   Section        0  time.o(i.TIM3_IRQHandler)
    i.TIM4_IRQHandler                        0x08001828   Section        0  cap.o(i.TIM4_IRQHandler)
    i.TIM_ClearITPendingBit                  0x08001938   Section        0  stm32f10x_tim.o(i.TIM_ClearITPendingBit)
    i.TIM_GetCapture1                        0x0800193e   Section        0  stm32f10x_tim.o(i.TIM_GetCapture1)
    i.TIM_GetCapture2                        0x08001944   Section        0  stm32f10x_tim.o(i.TIM_GetCapture2)
    i.TIM_GetITStatus                        0x0800194a   Section        0  stm32f10x_tim.o(i.TIM_GetITStatus)
    i.TIM_ITConfig                           0x0800196c   Section        0  stm32f10x_tim.o(i.TIM_ITConfig)
    i.UIInit                                 0x08001980   Section        0  main.o(i.UIInit)
    i.USART1_IRQHandler                      0x08001acc   Section        0  usart_1.o(i.USART1_IRQHandler)
    i.USART_Cmd                              0x08001af0   Section        0  stm32f10x_usart.o(i.USART_Cmd)
    i.USART_GetFlagStatus                    0x08001b08   Section        0  stm32f10x_usart.o(i.USART_GetFlagStatus)
    i.USART_GetITStatus                      0x08001b22   Section        0  stm32f10x_usart.o(i.USART_GetITStatus)
    i.USART_ITConfig                         0x08001b76   Section        0  stm32f10x_usart.o(i.USART_ITConfig)
    i.USART_Init                             0x08001bc0   Section        0  stm32f10x_usart.o(i.USART_Init)
    i.USART_ReceiveData                      0x08001c98   Section        0  stm32f10x_usart.o(i.USART_ReceiveData)
    i.USART_SendData                         0x08001ca2   Section        0  stm32f10x_usart.o(i.USART_SendData)
    i.UsageFault_Handler                     0x08001caa   Section        0  stm32f10x_it.o(i.UsageFault_Handler)
    i.WWDG_ClearFlag                         0x08001cb0   Section        0  stm32f10x_wwdg.o(i.WWDG_ClearFlag)
    i.WWDG_IRQHandler                        0x08001cbc   Section        0  wwdg.o(i.WWDG_IRQHandler)
    i.__0printf                              0x08001cd8   Section        0  printfa.o(i.__0printf)
    i.__scatterload_copy                     0x08001cf8   Section       14  handlers.o(i.__scatterload_copy)
    i.__scatterload_null                     0x08001d06   Section        2  handlers.o(i.__scatterload_null)
    i.__scatterload_zeroinit                 0x08001d08   Section       14  handlers.o(i.__scatterload_zeroinit)
    i._fp_digits                             0x08001d18   Section        0  printfa.o(i._fp_digits)
    _fp_digits                               0x08001d19   Thumb Code   334  printfa.o(i._fp_digits)
    i._printf_core                           0x08001e7c   Section        0  printfa.o(i._printf_core)
    _printf_core                             0x08001e7d   Thumb Code  1744  printfa.o(i._printf_core)
    i._printf_post_padding                   0x08002558   Section        0  printfa.o(i._printf_post_padding)
    _printf_post_padding                     0x08002559   Thumb Code    36  printfa.o(i._printf_post_padding)
    i._printf_pre_padding                    0x0800257c   Section        0  printfa.o(i._printf_pre_padding)
    _printf_pre_padding                      0x0800257d   Thumb Code    46  printfa.o(i._printf_pre_padding)
    i.adcGpioInit                            0x080025ac   Section        0  adc.o(i.adcGpioInit)
    i.adcInit                                0x080025d0   Section        0  adc.o(i.adcInit)
    i.allInit                                0x08002658   Section        0  main.o(i.allInit)
    i.buttonInit                             0x08002688   Section        0  button.o(i.buttonInit)
    i.buttonTask                             0x080026b0   Section        0  freertos_demo.o(i.buttonTask)
    buttonTask                               0x080026b1   Thumb Code   352  freertos_demo.o(i.buttonTask)
    i.buzzerInit                             0x08002834   Section        0  buzzer.o(i.buzzerInit)
    i.createTask                             0x08002868   Section        0  freertos_demo.o(i.createTask)
    createTask                               0x08002869   Thumb Code   106  freertos_demo.o(i.createTask)
    i.delay_init                             0x08002930   Section        0  delay.o(i.delay_init)
    i.delay_ms                               0x08002974   Section        0  delay.o(i.delay_ms)
    i.floatNumToStr                          0x080029c0   Section        0  tool.o(i.floatNumToStr)
    i.fputc                                  0x08002ad4   Section        0  usart_1.o(i.fputc)
    i.intNumToStr                            0x08002af8   Section        0  tool.o(i.intNumToStr)
    i.lcdAddressSet                          0x08002b5e   Section        0  lcd.o(i.lcdAddressSet)
    i.lcdDebugInfo                           0x08002b98   Section        0  lcd.o(i.lcdDebugInfo)
    i.lcdFillColor                           0x08002bf4   Section        0  lcd.o(i.lcdFillColor)
    i.lcdFlickerTask                         0x08002c3c   Section        0  freertos_demo.o(i.lcdFlickerTask)
    lcdFlickerTask                           0x08002c3d   Thumb Code   106  freertos_demo.o(i.lcdFlickerTask)
    i.lcdGpioInit                            0x08002cb0   Section        0  lcd.o(i.lcdGpioInit)
    i.lcdInit                                0x08002cfc   Section        0  lcd.o(i.lcdInit)
    i.lcdShowChar                            0x08002efc   Section        0  lcd.o(i.lcdShowChar)
    i.lcdShowChinese                         0x08002ffc   Section        0  lcd.o(i.lcdShowChinese)
    i.lcdShowString                          0x080030f8   Section        0  lcd.o(i.lcdShowString)
    i.lcdSpiInit                             0x08003168   Section        0  lcd.o(i.lcdSpiInit)
    i.lcdWriteByte                           0x08003210   Section        0  lcd.o(i.lcdWriteByte)
    i.lcdWriteCommand                        0x08003234   Section        0  lcd.o(i.lcdWriteCommand)
    i.lcdWriteDoubleByte                     0x08003258   Section        0  lcd.o(i.lcdWriteDoubleByte)
    i.ledAlarmTask                           0x0800326c   Section        0  freertos_demo.o(i.ledAlarmTask)
    ledAlarmTask                             0x0800326d   Thumb Code   126  freertos_demo.o(i.ledAlarmTask)
    i.ledInit                                0x08003300   Section        0  led.o(i.ledInit)
    i.main                                   0x0800332c   Section        0  main.o(i.main)
    i.pow10                                  0x08003334   Section        0  tool.o(i.pow10)
    i.prvAddCurrentTaskToDelayedList         0x0800334c   Section        0  tasks.o(i.prvAddCurrentTaskToDelayedList)
    prvAddCurrentTaskToDelayedList           0x0800334d   Thumb Code   124  tasks.o(i.prvAddCurrentTaskToDelayedList)
    i.prvAddNewTaskToReadyList               0x080033e4   Section        0  tasks.o(i.prvAddNewTaskToReadyList)
    prvAddNewTaskToReadyList                 0x080033e5   Thumb Code   150  tasks.o(i.prvAddNewTaskToReadyList)
    i.prvCheckForValidListAndQueue           0x08003498   Section        0  timers.o(i.prvCheckForValidListAndQueue)
    prvCheckForValidListAndQueue             0x08003499   Thumb Code    72  timers.o(i.prvCheckForValidListAndQueue)
    i.prvCheckTasksWaitingTermination        0x080034fc   Section        0  tasks.o(i.prvCheckTasksWaitingTermination)
    prvCheckTasksWaitingTermination          0x080034fd   Thumb Code    86  tasks.o(i.prvCheckTasksWaitingTermination)
    i.prvCopyDataFromQueue                   0x08003560   Section        0  queue.o(i.prvCopyDataFromQueue)
    prvCopyDataFromQueue                     0x08003561   Thumb Code    42  queue.o(i.prvCopyDataFromQueue)
    i.prvCopyDataToQueue                     0x0800358a   Section        0  queue.o(i.prvCopyDataToQueue)
    prvCopyDataToQueue                       0x0800358b   Thumb Code   106  queue.o(i.prvCopyDataToQueue)
    i.prvDeleteTCB                           0x080035f4   Section        0  tasks.o(i.prvDeleteTCB)
    prvDeleteTCB                             0x080035f5   Thumb Code    18  tasks.o(i.prvDeleteTCB)
    i.prvGetNextExpireTime                   0x08003608   Section        0  timers.o(i.prvGetNextExpireTime)
    prvGetNextExpireTime                     0x08003609   Thumb Code    36  timers.o(i.prvGetNextExpireTime)
    i.prvHeapInit                            0x08003630   Section        0  heap_4.o(i.prvHeapInit)
    prvHeapInit                              0x08003631   Thumb Code    98  heap_4.o(i.prvHeapInit)
    i.prvIdleTask                            0x080036ac   Section        0  tasks.o(i.prvIdleTask)
    prvIdleTask                              0x080036ad   Thumb Code    32  tasks.o(i.prvIdleTask)
    i.prvInitialiseNewQueue                  0x080036d4   Section        0  queue.o(i.prvInitialiseNewQueue)
    prvInitialiseNewQueue                    0x080036d5   Thumb Code    38  queue.o(i.prvInitialiseNewQueue)
    i.prvInitialiseNewTask                   0x080036fc   Section        0  tasks.o(i.prvInitialiseNewTask)
    prvInitialiseNewTask                     0x080036fd   Thumb Code   154  tasks.o(i.prvInitialiseNewTask)
    i.prvInitialiseNewTimer                  0x080037c0   Section        0  timers.o(i.prvInitialiseNewTimer)
    prvInitialiseNewTimer                    0x080037c1   Thumb Code    68  timers.o(i.prvInitialiseNewTimer)
    i.prvInitialiseTaskLists                 0x08003830   Section        0  tasks.o(i.prvInitialiseTaskLists)
    prvInitialiseTaskLists                   0x08003831   Thumb Code    70  tasks.o(i.prvInitialiseTaskLists)
    i.prvInsertBlockIntoFreeList             0x08003898   Section        0  heap_4.o(i.prvInsertBlockIntoFreeList)
    prvInsertBlockIntoFreeList               0x08003899   Thumb Code    96  heap_4.o(i.prvInsertBlockIntoFreeList)
    i.prvInsertTimerInActiveList             0x08003900   Section        0  timers.o(i.prvInsertTimerInActiveList)
    prvInsertTimerInActiveList               0x08003901   Thumb Code    80  timers.o(i.prvInsertTimerInActiveList)
    i.prvIsQueueEmpty                        0x08003958   Section        0  queue.o(i.prvIsQueueEmpty)
    prvIsQueueEmpty                          0x08003959   Thumb Code    26  queue.o(i.prvIsQueueEmpty)
    i.prvIsQueueFull                         0x08003972   Section        0  queue.o(i.prvIsQueueFull)
    prvIsQueueFull                           0x08003973   Thumb Code    30  queue.o(i.prvIsQueueFull)
    i.prvProcessExpiredTimer                 0x08003990   Section        0  timers.o(i.prvProcessExpiredTimer)
    prvProcessExpiredTimer                   0x08003991   Thumb Code    84  timers.o(i.prvProcessExpiredTimer)
    i.prvProcessReceivedCommands             0x08003a14   Section        0  timers.o(i.prvProcessReceivedCommands)
    prvProcessReceivedCommands               0x08003a15   Thumb Code   222  timers.o(i.prvProcessReceivedCommands)
    i.prvProcessTimerOrBlockTask             0x08003b24   Section        0  timers.o(i.prvProcessTimerOrBlockTask)
    prvProcessTimerOrBlockTask               0x08003b25   Thumb Code   102  timers.o(i.prvProcessTimerOrBlockTask)
    i.prvResetNextTaskUnblockTime            0x08003b98   Section        0  tasks.o(i.prvResetNextTaskUnblockTime)
    prvResetNextTaskUnblockTime              0x08003b99   Thumb Code    42  tasks.o(i.prvResetNextTaskUnblockTime)
    i.prvSampleTimeNow                       0x08003bcc   Section        0  timers.o(i.prvSampleTimeNow)
    prvSampleTimeNow                         0x08003bcd   Thumb Code    40  timers.o(i.prvSampleTimeNow)
    i.prvSwitchTimerLists                    0x08003bf8   Section        0  timers.o(i.prvSwitchTimerLists)
    prvSwitchTimerLists                      0x08003bf9   Thumb Code   140  timers.o(i.prvSwitchTimerLists)
    i.prvTaskExitError                       0x08003cb8   Section        0  port.o(i.prvTaskExitError)
    prvTaskExitError                         0x08003cb9   Thumb Code    48  port.o(i.prvTaskExitError)
    i.prvTaskIsTaskSuspended                 0x08003d24   Section        0  tasks.o(i.prvTaskIsTaskSuspended)
    prvTaskIsTaskSuspended                   0x08003d25   Thumb Code    72  tasks.o(i.prvTaskIsTaskSuspended)
    i.prvTestWaitCondition                   0x08003d9c   Section        0  event_groups.o(i.prvTestWaitCondition)
    prvTestWaitCondition                     0x08003d9d   Thumb Code    30  event_groups.o(i.prvTestWaitCondition)
    i.prvTimerTask                           0x08003dba   Section        0  timers.o(i.prvTimerTask)
    prvTimerTask                             0x08003dbb   Thumb Code    26  timers.o(i.prvTimerTask)
    i.prvUnlockQueue                         0x08003dd4   Section        0  queue.o(i.prvUnlockQueue)
    prvUnlockQueue                           0x08003dd5   Thumb Code   126  queue.o(i.prvUnlockQueue)
    i.pvPortMalloc                           0x08003e54   Section        0  heap_4.o(i.pvPortMalloc)
    i.pxPortInitialiseStack                  0x08003fa4   Section        0  port.o(i.pxPortInitialiseStack)
    i.scanButton                             0x08003fc8   Section        0  button.o(i.scanButton)
    i.spiWriteByte                           0x08004078   Section        0  lcd.o(i.spiWriteByte)
    i.startTask                              0x080040d4   Section        0  freertos_demo.o(i.startTask)
    startTask                                0x080040d5   Thumb Code   104  freertos_demo.o(i.startTask)
    i.strToFloat                             0x08004158   Section        0  tool.o(i.strToFloat)
    i.taskInit                               0x080041cc   Section        0  freertos_demo.o(i.taskInit)
    i.timerCheckCallback                     0x08004204   Section        0  freertos_demo.o(i.timerCheckCallback)
    timerCheckCallback                       0x08004205   Thumb Code    24  freertos_demo.o(i.timerCheckCallback)
    i.updateLcdTask                          0x08004220   Section        0  freertos_demo.o(i.updateLcdTask)
    updateLcdTask                            0x08004221   Thumb Code   308  freertos_demo.o(i.updateLcdTask)
    i.usartInit                              0x080043a4   Section        0  usart_1.o(i.usartInit)
    i.usartSendByte                          0x0800444c   Section        0  usart_1.o(i.usartSendByte)
    i.uxListRemove                           0x0800446a   Section        0  list.o(i.uxListRemove)
    i.uxTaskResetEventItemValue              0x08004494   Section        0  tasks.o(i.uxTaskResetEventItemValue)
    i.vListInitialise                        0x080044b0   Section        0  list.o(i.vListInitialise)
    i.vListInitialiseItem                    0x080044ca   Section        0  list.o(i.vListInitialiseItem)
    i.vListInsert                            0x080044d0   Section        0  list.o(i.vListInsert)
    i.vListInsertEnd                         0x08004504   Section        0  list.o(i.vListInsertEnd)
    i.vPortEnterCritical                     0x0800451c   Section        0  port.o(i.vPortEnterCritical)
    i.vPortExitCritical                      0x080045a0   Section        0  port.o(i.vPortExitCritical)
    i.vPortFree                              0x0800460c   Section        0  heap_4.o(i.vPortFree)
    i.vPortSetupTimerInterrupt               0x080046c0   Section        0  port.o(i.vPortSetupTimerInterrupt)
    i.vPortValidateInterruptPriority         0x080046e0   Section        0  port.o(i.vPortValidateInterruptPriority)
    i.vQueueAddToRegistry                    0x0800477c   Section        0  queue.o(i.vQueueAddToRegistry)
    i.vQueueWaitForMessageRestricted         0x080047a8   Section        0  queue.o(i.vQueueWaitForMessageRestricted)
    i.vTaskDelay                             0x080047f4   Section        0  tasks.o(i.vTaskDelay)
    i.vTaskDelete                            0x0800486c   Section        0  tasks.o(i.vTaskDelete)
    i.vTaskMissedYield                       0x0800497c   Section        0  tasks.o(i.vTaskMissedYield)
    i.vTaskPlaceOnEventList                  0x08004988   Section        0  tasks.o(i.vTaskPlaceOnEventList)
    i.vTaskPlaceOnEventListRestricted        0x080049e0   Section        0  tasks.o(i.vTaskPlaceOnEventListRestricted)
    i.vTaskPlaceOnUnorderedEventList         0x08004a40   Section        0  tasks.o(i.vTaskPlaceOnUnorderedEventList)
    i.vTaskResume                            0x08004ac0   Section        0  tasks.o(i.vTaskResume)
    i.vTaskSetTimeOutState                   0x08004b70   Section        0  tasks.o(i.vTaskSetTimeOutState)
    i.vTaskStartScheduler                    0x08004bc0   Section        0  tasks.o(i.vTaskStartScheduler)
    i.vTaskSuspend                           0x08004c70   Section        0  tasks.o(i.vTaskSuspend)
    i.vTaskSuspendAll                        0x08004d74   Section        0  tasks.o(i.vTaskSuspendAll)
    i.vTaskSwitchContext                     0x08004d84   Section        0  tasks.o(i.vTaskSwitchContext)
    i.xEventGroupCreate                      0x08004e30   Section        0  event_groups.o(i.xEventGroupCreate)
    i.xEventGroupSetBits                     0x08004e4c   Section        0  event_groups.o(i.xEventGroupSetBits)
    i.xEventGroupWaitBits                    0x08004f38   Section        0  event_groups.o(i.xEventGroupWaitBits)
    i.xPortStartScheduler                    0x08005094   Section        0  port.o(i.xPortStartScheduler)
    i.xPortSysTickHandler                    0x08005134   Section        0  port.o(i.xPortSysTickHandler)
    i.xQueueGenericCreate                    0x08005168   Section        0  queue.o(i.xQueueGenericCreate)
    i.xQueueGenericReceive                   0x080051e0   Section        0  queue.o(i.xQueueGenericReceive)
    i.xQueueGenericReset                     0x08005390   Section        0  queue.o(i.xQueueGenericReset)
    i.xQueueGenericSend                      0x08005444   Section        0  queue.o(i.xQueueGenericSend)
    i.xQueueGenericSendFromISR               0x080055ec   Section        0  queue.o(i.xQueueGenericSendFromISR)
    i.xTaskCheckForTimeOut                   0x080056f0   Section        0  tasks.o(i.xTaskCheckForTimeOut)
    i.xTaskCreate                            0x08005794   Section        0  tasks.o(i.xTaskCreate)
    i.xTaskGetSchedulerState                 0x080057f4   Section        0  tasks.o(i.xTaskGetSchedulerState)
    i.xTaskGetTickCount                      0x08005814   Section        0  tasks.o(i.xTaskGetTickCount)
    i.xTaskIncrementTick                     0x08005820   Section        0  tasks.o(i.xTaskIncrementTick)
    i.xTaskRemoveFromEventList               0x08005984   Section        0  tasks.o(i.xTaskRemoveFromEventList)
    i.xTaskRemoveFromUnorderedEventList      0x08005a3c   Section        0  tasks.o(i.xTaskRemoveFromUnorderedEventList)
    i.xTaskResumeAll                         0x08005b00   Section        0  tasks.o(i.xTaskResumeAll)
    i.xTimerCreate                           0x08005c24   Section        0  timers.o(i.xTimerCreate)
    i.xTimerCreateTimerTask                  0x08005c54   Section        0  timers.o(i.xTimerCreateTimerTask)
    i.xTimerGenericCommand                   0x08005ccc   Section        0  timers.o(i.xTimerGenericCommand)
    .constdata                               0x08005d70   Section    13810  lcd.o(.constdata)
    .data                                    0x20000000   Section       20  stm32f10x_rcc.o(.data)
    APBAHBPrescTable                         0x20000000   Data          16  stm32f10x_rcc.o(.data)
    ADCPrescTable                            0x20000010   Data           4  stm32f10x_rcc.o(.data)
    .data                                    0x20000014   Section       60  tasks.o(.data)
    pxDelayedTaskList                        0x20000018   Data           4  tasks.o(.data)
    pxOverflowDelayedTaskList                0x2000001c   Data           4  tasks.o(.data)
    uxDeletedTasksWaitingCleanUp             0x20000020   Data           4  tasks.o(.data)
    uxCurrentNumberOfTasks                   0x20000024   Data           4  tasks.o(.data)
    xTickCount                               0x20000028   Data           4  tasks.o(.data)
    uxTopReadyPriority                       0x2000002c   Data           4  tasks.o(.data)
    xSchedulerRunning                        0x20000030   Data           4  tasks.o(.data)
    uxPendedTicks                            0x20000034   Data           4  tasks.o(.data)
    xYieldPending                            0x20000038   Data           4  tasks.o(.data)
    xNumOfOverflows                          0x2000003c   Data           4  tasks.o(.data)
    uxTaskNumber                             0x20000040   Data           4  tasks.o(.data)
    xNextTaskUnblockTime                     0x20000044   Data           4  tasks.o(.data)
    xIdleTaskHandle                          0x20000048   Data           4  tasks.o(.data)
    uxSchedulerSuspended                     0x2000004c   Data           4  tasks.o(.data)
    .data                                    0x20000050   Section       20  timers.o(.data)
    pxCurrentTimerList                       0x20000050   Data           4  timers.o(.data)
    pxOverflowTimerList                      0x20000054   Data           4  timers.o(.data)
    xTimerQueue                              0x20000058   Data           4  timers.o(.data)
    xTimerTaskHandle                         0x2000005c   Data           4  timers.o(.data)
    xLastTime                                0x20000060   Data           4  timers.o(.data)
    .data                                    0x20000064   Section       24  heap_4.o(.data)
    xStart                                   0x20000064   Data           8  heap_4.o(.data)
    pxEnd                                    0x2000006c   Data           4  heap_4.o(.data)
    xFreeBytesRemaining                      0x20000070   Data           4  heap_4.o(.data)
    xMinimumEverFreeBytesRemaining           0x20000074   Data           4  heap_4.o(.data)
    xBlockAllocatedBit                       0x20000078   Data           4  heap_4.o(.data)
    .data                                    0x2000007c   Section       12  port.o(.data)
    uxCriticalNesting                        0x2000007c   Data           4  port.o(.data)
    ucMaxSysCallPriority                     0x20000080   Data           1  port.o(.data)
    ulMaxPRIGROUPValue                       0x20000084   Data           4  port.o(.data)
    .data                                    0x20000088   Section        6  usart.o(.data)
    .data                                    0x2000008e   Section        4  delay.o(.data)
    fac_us                                   0x2000008e   Data           1  delay.o(.data)
    fac_ms                                   0x20000090   Data           2  delay.o(.data)
    .data                                    0x20000092   Section        1  button.o(.data)
    longPress                                0x20000092   Data           1  button.o(.data)
    .data                                    0x20000094   Section       16  cap.o(.data)
    .data                                    0x200000a4   Section       36  freertos_demo.o(.data)
    sThresholdVoltage                        0x200000a4   Data           4  freertos_demo.o(.data)
    startTaskHandler                         0x200000a8   Data           4  freertos_demo.o(.data)
    buttonTaskHandler                        0x200000ac   Data           4  freertos_demo.o(.data)
    lcdFlickerTaskHandler                    0x200000b0   Data           4  freertos_demo.o(.data)
    ledAlarmTaskHandler                      0x200000b4   Data           4  freertos_demo.o(.data)
    updateLcdTaskHandler                     0x200000b8   Data           4  freertos_demo.o(.data)
    binSemHandler                            0x200000bc   Data           4  freertos_demo.o(.data)
    alarmEventHandler                        0x200000c0   Data           4  freertos_demo.o(.data)
    timerCheckHandler                        0x200000c4   Data           4  freertos_demo.o(.data)
    .data                                    0x200000c8   Section        8  eeprom.o(.data)
    I2CTimeout                               0x200000cc   Data           4  eeprom.o(.data)
    .data                                    0x200000d0   Section       12  main.o(.data)
    .data                                    0x200000dc   Section       20  system_stm32f10x.o(.data)
    .bss                                     0x200000f0   Section       80  queue.o(.bss)
    .bss                                     0x20000140   Section      740  tasks.o(.bss)
    pxReadyTasksLists                        0x20000140   Data         640  tasks.o(.bss)
    xDelayedTaskList1                        0x200003c0   Data          20  tasks.o(.bss)
    xDelayedTaskList2                        0x200003d4   Data          20  tasks.o(.bss)
    xPendingReadyList                        0x200003e8   Data          20  tasks.o(.bss)
    xTasksWaitingTermination                 0x200003fc   Data          20  tasks.o(.bss)
    xSuspendedTaskList                       0x20000410   Data          20  tasks.o(.bss)
    .bss                                     0x20000424   Section       40  timers.o(.bss)
    xActiveTimerList1                        0x20000424   Data          20  timers.o(.bss)
    xActiveTimerList2                        0x20000438   Data          20  timers.o(.bss)
    .bss                                     0x2000044c   Section    10240  heap_4.o(.bss)
    ucHeap                                   0x2000044c   Data       10240  heap_4.o(.bss)
    STACK                                    0x20002c50   Section     1024  startup_stm32f10x_md.o(STACK)

    Global Symbols

    Symbol Name                              Value     Ov Type        Size  Object(Section)

    BuildAttributes$$THM_ISAv4$P$D$K$B$S$PE$A:L22UL41UL21$X:L11$S22US41US21$IEEE1$IW$USESV6$~STKCKD$USESV7$~SHL$OTIME$ROPI$EBA8$MICROLIB$REQ8$PRES8$EABIv2 0x00000000   Number         0  anon$$obj.o ABSOLUTE
    __ARM_use_no_argv                        0x00000000   Number         0  main.o ABSOLUTE
    __use_no_errno                           0x00000000   Number         0  useno.o ABSOLUTE
    __use_no_exception_handling              0x00000000   Number         0  useno.o ABSOLUTE
    __use_no_fp                              0x00000000   Number         0  useno.o ABSOLUTE
    __use_no_heap                            0x00000000   Number         0  useno.o ABSOLUTE
    __use_no_heap_region                     0x00000000   Number         0  useno.o ABSOLUTE
    __use_no_semihosting                     0x00000000   Number         0  useno.o ABSOLUTE
    __use_no_semihosting_swi                 0x00000000   Number         0  useno.o ABSOLUTE
    __use_no_signal_handling                 0x00000000   Number         0  useno.o ABSOLUTE
    _printf_a                                0x00000000   Number         0  stubs.o ABSOLUTE
    _printf_c                                0x00000000   Number         0  stubs.o ABSOLUTE
    _printf_charcount                        0x00000000   Number         0  stubs.o ABSOLUTE
    _printf_d                                0x00000000   Number         0  stubs.o ABSOLUTE
    _printf_e                                0x00000000   Number         0  stubs.o ABSOLUTE
    _printf_f                                0x00000000   Number         0  stubs.o ABSOLUTE
    _printf_flags                            0x00000000   Number         0  stubs.o ABSOLUTE
    _printf_fp_dec                           0x00000000   Number         0  stubs.o ABSOLUTE
    _printf_fp_hex                           0x00000000   Number         0  stubs.o ABSOLUTE
    _printf_g                                0x00000000   Number         0  stubs.o ABSOLUTE
    _printf_i                                0x00000000   Number         0  stubs.o ABSOLUTE
    _printf_int_dec                          0x00000000   Number         0  stubs.o ABSOLUTE
    _printf_l                                0x00000000   Number         0  stubs.o ABSOLUTE
    _printf_lc                               0x00000000   Number         0  stubs.o ABSOLUTE
    _printf_ll                               0x00000000   Number         0  stubs.o ABSOLUTE
    _printf_lld                              0x00000000   Number         0  stubs.o ABSOLUTE
    _printf_lli                              0x00000000   Number         0  stubs.o ABSOLUTE
    _printf_llo                              0x00000000   Number         0  stubs.o ABSOLUTE
    _printf_llu                              0x00000000   Number         0  stubs.o ABSOLUTE
    _printf_llx                              0x00000000   Number         0  stubs.o ABSOLUTE
    _printf_longlong_dec                     0x00000000   Number         0  stubs.o ABSOLUTE
    _printf_longlong_hex                     0x00000000   Number         0  stubs.o ABSOLUTE
    _printf_longlong_oct                     0x00000000   Number         0  stubs.o ABSOLUTE
    _printf_ls                               0x00000000   Number         0  stubs.o ABSOLUTE
    _printf_mbtowc                           0x00000000   Number         0  stubs.o ABSOLUTE
    _printf_n                                0x00000000   Number         0  stubs.o ABSOLUTE
    _printf_o                                0x00000000   Number         0  stubs.o ABSOLUTE
    _printf_p                                0x00000000   Number         0  stubs.o ABSOLUTE
    _printf_percent                          0x00000000   Number         0  stubs.o ABSOLUTE
    _printf_pre_padding                      0x00000000   Number         0  stubs.o ABSOLUTE
    _printf_return_value                     0x00000000   Number         0  stubs.o ABSOLUTE
    _printf_s                                0x00000000   Number         0  stubs.o ABSOLUTE
    _printf_sizespec                         0x00000000   Number         0  stubs.o ABSOLUTE
    _printf_str                              0x00000000   Number         0  stubs.o ABSOLUTE
    _printf_truncate_signed                  0x00000000   Number         0  stubs.o ABSOLUTE
    _printf_truncate_unsigned                0x00000000   Number         0  stubs.o ABSOLUTE
    _printf_u                                0x00000000   Number         0  stubs.o ABSOLUTE
    _printf_wc                               0x00000000   Number         0  stubs.o ABSOLUTE
    _printf_wctomb                           0x00000000   Number         0  stubs.o ABSOLUTE
    _printf_widthprec                        0x00000000   Number         0  stubs.o ABSOLUTE
    _printf_x                                0x00000000   Number         0  stubs.o ABSOLUTE
    __cpp_initialize__aeabi_                  - Undefined Weak Reference
    __cxa_finalize                            - Undefined Weak Reference
    __decompress                              - Undefined Weak Reference
    _clock_init                               - Undefined Weak Reference
    _microlib_exit                            - Undefined Weak Reference
    __Vectors_Size                           0x000000ec   Number         0  startup_stm32f10x_md.o ABSOLUTE
    __Vectors                                0x08000000   Data           4  startup_stm32f10x_md.o(RESET)
    __Vectors_End                            0x080000ec   Data           0  startup_stm32f10x_md.o(RESET)
    __main                                   0x080000ed   Thumb Code     0  entry.o(.ARM.Collect$$$$00000000)
    _main_stk                                0x080000ed   Thumb Code     0  entry2.o(.ARM.Collect$$$$00000001)
    _main_scatterload                        0x080000f1   Thumb Code     0  entry5.o(.ARM.Collect$$$$00000004)
    __main_after_scatterload                 0x080000f5   Thumb Code     0  entry5.o(.ARM.Collect$$$$00000004)
    _main_clock                              0x080000f5   Thumb Code     0  entry7b.o(.ARM.Collect$$$$00000008)
    _main_cpp_init                           0x080000f5   Thumb Code     0  entry8b.o(.ARM.Collect$$$$0000000A)
    _main_init                               0x080000f5   Thumb Code     0  entry9a.o(.ARM.Collect$$$$0000000B)
    __rt_final_cpp                           0x080000fd   Thumb Code     0  entry10a.o(.ARM.Collect$$$$0000000D)
    __rt_final_exit                          0x080000fd   Thumb Code     0  entry11a.o(.ARM.Collect$$$$0000000F)
    SVC_Handler                              0x08000101   Thumb Code    32  port.o(.emb_text)
    __asm___6_port_c_39a90d8d__prvStartFirstTask 0x08000125   Thumb Code    28  port.o(.emb_text)
    PendSV_Handler                           0x08000145   Thumb Code    72  port.o(.emb_text)
    vPortGetIPSR                             0x08000191   Thumb Code     6  port.o(.emb_text)
    Reset_Handler                            0x08000199   Thumb Code     8  startup_stm32f10x_md.o(.text)
    ADC1_2_IRQHandler                        0x080001b3   Thumb Code     0  startup_stm32f10x_md.o(.text)
    CAN1_RX1_IRQHandler                      0x080001b3   Thumb Code     0  startup_stm32f10x_md.o(.text)
    CAN1_SCE_IRQHandler                      0x080001b3   Thumb Code     0  startup_stm32f10x_md.o(.text)
    DMA1_Channel1_IRQHandler                 0x080001b3   Thumb Code     0  startup_stm32f10x_md.o(.text)
    DMA1_Channel2_IRQHandler                 0x080001b3   Thumb Code     0  startup_stm32f10x_md.o(.text)
    DMA1_Channel3_IRQHandler                 0x080001b3   Thumb Code     0  startup_stm32f10x_md.o(.text)
    DMA1_Channel4_IRQHandler                 0x080001b3   Thumb Code     0  startup_stm32f10x_md.o(.text)
    DMA1_Channel5_IRQHandler                 0x080001b3   Thumb Code     0  startup_stm32f10x_md.o(.text)
    DMA1_Channel6_IRQHandler                 0x080001b3   Thumb Code     0  startup_stm32f10x_md.o(.text)
    DMA1_Channel7_IRQHandler                 0x080001b3   Thumb Code     0  startup_stm32f10x_md.o(.text)
    EXTI0_IRQHandler                         0x080001b3   Thumb Code     0  startup_stm32f10x_md.o(.text)
    EXTI15_10_IRQHandler                     0x080001b3   Thumb Code     0  startup_stm32f10x_md.o(.text)
    EXTI1_IRQHandler                         0x080001b3   Thumb Code     0  startup_stm32f10x_md.o(.text)
    EXTI2_IRQHandler                         0x080001b3   Thumb Code     0  startup_stm32f10x_md.o(.text)
    EXTI3_IRQHandler                         0x080001b3   Thumb Code     0  startup_stm32f10x_md.o(.text)
    EXTI4_IRQHandler                         0x080001b3   Thumb Code     0  startup_stm32f10x_md.o(.text)
    FLASH_IRQHandler                         0x080001b3   Thumb Code     0  startup_stm32f10x_md.o(.text)
    I2C1_ER_IRQHandler                       0x080001b3   Thumb Code     0  startup_stm32f10x_md.o(.text)
    I2C1_EV_IRQHandler                       0x080001b3   Thumb Code     0  startup_stm32f10x_md.o(.text)
    I2C2_ER_IRQHandler                       0x080001b3   Thumb Code     0  startup_stm32f10x_md.o(.text)
    I2C2_EV_IRQHandler                       0x080001b3   Thumb Code     0  startup_stm32f10x_md.o(.text)
    PVD_IRQHandler                           0x080001b3   Thumb Code     0  startup_stm32f10x_md.o(.text)
    RCC_IRQHandler                           0x080001b3   Thumb Code     0  startup_stm32f10x_md.o(.text)
    RTCAlarm_IRQHandler                      0x080001b3   Thumb Code     0  startup_stm32f10x_md.o(.text)
    RTC_IRQHandler                           0x080001b3   Thumb Code     0  startup_stm32f10x_md.o(.text)
    SPI1_IRQHandler                          0x080001b3   Thumb Code     0  startup_stm32f10x_md.o(.text)
    SPI2_IRQHandler                          0x080001b3   Thumb Code     0  startup_stm32f10x_md.o(.text)
    TAMPER_IRQHandler                        0x080001b3   Thumb Code     0  startup_stm32f10x_md.o(.text)
    TIM1_BRK_IRQHandler                      0x080001b3   Thumb Code     0  startup_stm32f10x_md.o(.text)
    TIM1_CC_IRQHandler                       0x080001b3   Thumb Code     0  startup_stm32f10x_md.o(.text)
    TIM1_TRG_COM_IRQHandler                  0x080001b3   Thumb Code     0  startup_stm32f10x_md.o(.text)
    TIM1_UP_IRQHandler                       0x080001b3   Thumb Code     0  startup_stm32f10x_md.o(.text)
    TIM2_IRQHandler                          0x080001b3   Thumb Code     0  startup_stm32f10x_md.o(.text)
    USART2_IRQHandler                        0x080001b3   Thumb Code     0  startup_stm32f10x_md.o(.text)
    USART3_IRQHandler                        0x080001b3   Thumb Code     0  startup_stm32f10x_md.o(.text)
    USBWakeUp_IRQHandler                     0x080001b3   Thumb Code     0  startup_stm32f10x_md.o(.text)
    USB_HP_CAN1_TX_IRQHandler                0x080001b3   Thumb Code     0  startup_stm32f10x_md.o(.text)
    USB_LP_CAN1_RX0_IRQHandler               0x080001b3   Thumb Code     0  startup_stm32f10x_md.o(.text)
    __aeabi_memcpy                           0x080001bd   Thumb Code    36  memcpya.o(.text)
    __aeabi_memcpy4                          0x080001bd   Thumb Code     0  memcpya.o(.text)
    __aeabi_memcpy8                          0x080001bd   Thumb Code     0  memcpya.o(.text)
    __aeabi_fadd                             0x080001e1   Thumb Code   164  fadd.o(.text)
    __aeabi_fsub                             0x08000285   Thumb Code     6  fadd.o(.text)
    __aeabi_frsub                            0x0800028b   Thumb Code     6  fadd.o(.text)
    __aeabi_fmul                             0x08000291   Thumb Code   100  fmul.o(.text)
    __aeabi_fdiv                             0x080002f5   Thumb Code   124  fdiv.o(.text)
    __aeabi_dadd                             0x08000371   Thumb Code   322  dadd.o(.text)
    __aeabi_dsub                             0x080004b3   Thumb Code     6  dadd.o(.text)
    __aeabi_drsub                            0x080004b9   Thumb Code     6  dadd.o(.text)
    __aeabi_dmul                             0x080004bf   Thumb Code   228  dmul.o(.text)
    __aeabi_i2f                              0x080005a3   Thumb Code    18  fflti.o(.text)
    __aeabi_ui2f                             0x080005b5   Thumb Code    10  ffltui.o(.text)
    __aeabi_f2uiz                            0x080005bf   Thumb Code    40  ffixui.o(.text)
    __aeabi_f2d                              0x080005e7   Thumb Code    38  f2d.o(.text)
    __aeabi_cdcmpeq                          0x0800060d   Thumb Code     0  cdcmple.o(.text)
    __aeabi_cdcmple                          0x0800060d   Thumb Code    48  cdcmple.o(.text)
    __aeabi_cdrcmple                         0x0800063d   Thumb Code    48  cdrcmple.o(.text)
    __aeabi_d2f                              0x0800066d   Thumb Code    56  d2f.o(.text)
    __aeabi_cfrcmple                         0x080006a5   Thumb Code    20  cfrcmple.o(.text)
    __aeabi_uidiv                            0x080006b9   Thumb Code     0  uidiv.o(.text)
    __aeabi_uidivmod                         0x080006b9   Thumb Code    44  uidiv.o(.text)
    __aeabi_uldivmod                         0x080006e5   Thumb Code    98  uldiv.o(.text)
    __aeabi_llsl                             0x08000747   Thumb Code    30  llshl.o(.text)
    _ll_shift_l                              0x08000747   Thumb Code     0  llshl.o(.text)
    __aeabi_lasr                             0x08000765   Thumb Code    36  llsshr.o(.text)
    _ll_sshift_r                             0x08000765   Thumb Code     0  llsshr.o(.text)
    __I$use$fp                               0x08000789   Thumb Code     0  iusefp.o(.text)
    _float_round                             0x08000789   Thumb Code    18  fepilogue.o(.text)
    _float_epilogue                          0x0800079b   Thumb Code    92  fepilogue.o(.text)
    _double_round                            0x080007f7   Thumb Code    30  depilogue.o(.text)
    _double_epilogue                         0x08000815   Thumb Code   156  depilogue.o(.text)
    __aeabi_ddiv                             0x080008b1   Thumb Code   222  ddiv.o(.text)
    __aeabi_d2ulz                            0x0800098f   Thumb Code    48  dfixul.o(.text)
    __scatterload                            0x080009c1   Thumb Code    28  init.o(.text)
    __scatterload_rt2                        0x080009c1   Thumb Code     0  init.o(.text)
    __aeabi_llsr                             0x080009e5   Thumb Code    32  llushr.o(.text)
    _ll_ushift_r                             0x080009e5   Thumb Code     0  llushr.o(.text)
    ADC_ClearFlag                            0x08000a05   Thumb Code     6  stm32f10x_adc.o(i.ADC_ClearFlag)
    ADC_Cmd                                  0x08000a0b   Thumb Code    22  stm32f10x_adc.o(i.ADC_Cmd)
    ADC_GetCalibrationStatus                 0x08000a21   Thumb Code    20  stm32f10x_adc.o(i.ADC_GetCalibrationStatus)
    ADC_GetConversionValue                   0x08000a35   Thumb Code     8  stm32f10x_adc.o(i.ADC_GetConversionValue)
    ADC_GetFlagStatus                        0x08000a3d   Thumb Code    18  stm32f10x_adc.o(i.ADC_GetFlagStatus)
    ADC_GetResetCalibrationStatus            0x08000a4f   Thumb Code    20  stm32f10x_adc.o(i.ADC_GetResetCalibrationStatus)
    ADC_Init                                 0x08000a65   Thumb Code    70  stm32f10x_adc.o(i.ADC_Init)
    ADC_RegularChannelConfig                 0x08000ab5   Thumb Code   184  stm32f10x_adc.o(i.ADC_RegularChannelConfig)
    ADC_ResetCalibration                     0x08000b6d   Thumb Code    10  stm32f10x_adc.o(i.ADC_ResetCalibration)
    ADC_SoftwareStartConvCmd                 0x08000b77   Thumb Code    22  stm32f10x_adc.o(i.ADC_SoftwareStartConvCmd)
    ADC_StartCalibration                     0x08000b8d   Thumb Code    10  stm32f10x_adc.o(i.ADC_StartCalibration)
    BusFault_Handler                         0x08000b97   Thumb Code     4  stm32f10x_it.o(i.BusFault_Handler)
    DebugMon_Handler                         0x08000b9b   Thumb Code     2  stm32f10x_it.o(i.DebugMon_Handler)
    EXTI9_5_IRQHandler                       0x08000b9d   Thumb Code     2  exti.o(i.EXTI9_5_IRQHandler)
    GPIO_Init                                0x08000b9f   Thumb Code   278  stm32f10x_gpio.o(i.GPIO_Init)
    GPIO_ReadInputDataBit                    0x08000cb5   Thumb Code    18  stm32f10x_gpio.o(i.GPIO_ReadInputDataBit)
    HardFault_Handler                        0x08000cc7   Thumb Code     4  stm32f10x_it.o(i.HardFault_Handler)
    I2C_AcknowledgeConfig                    0x08000ccb   Thumb Code    24  stm32f10x_i2c.o(i.I2C_AcknowledgeConfig)
    I2C_CheckEvent                           0x08000ce3   Thumb Code    42  stm32f10x_i2c.o(i.I2C_CheckEvent)
    I2C_ClearFlag                            0x08000d0d   Thumb Code    12  stm32f10x_i2c.o(i.I2C_ClearFlag)
    I2C_Cmd                                  0x08000d19   Thumb Code    24  stm32f10x_i2c.o(i.I2C_Cmd)
    I2C_EE_BufferRead                        0x08000d31   Thumb Code   418  eeprom.o(i.I2C_EE_BufferRead)
    I2C_EE_BufferWrite                       0x08000ee9   Thumb Code   298  eeprom.o(i.I2C_EE_BufferWrite)
    I2C_EE_Init                              0x08001015   Thumb Code    18  eeprom.o(i.I2C_EE_Init)
    I2C_EE_PageWrite                         0x0800102d   Thumb Code   286  eeprom.o(i.I2C_EE_PageWrite)
    I2C_EE_WaitEepromStandbyState            0x08001161   Thumb Code    72  eeprom.o(i.I2C_EE_WaitEepromStandbyState)
    I2C_GenerateSTART                        0x080011e9   Thumb Code    24  stm32f10x_i2c.o(i.I2C_GenerateSTART)
    I2C_GenerateSTOP                         0x08001201   Thumb Code    24  stm32f10x_i2c.o(i.I2C_GenerateSTOP)
    I2C_GetFlagStatus                        0x08001219   Thumb Code    58  stm32f10x_i2c.o(i.I2C_GetFlagStatus)
    I2C_Init                                 0x08001255   Thumb Code   222  stm32f10x_i2c.o(i.I2C_Init)
    I2C_ReadRegister                         0x08001385   Thumb Code    22  stm32f10x_i2c.o(i.I2C_ReadRegister)
    I2C_ReceiveData                          0x0800139b   Thumb Code     8  stm32f10x_i2c.o(i.I2C_ReceiveData)
    I2C_Send7bitAddress                      0x080013a3   Thumb Code    18  stm32f10x_i2c.o(i.I2C_Send7bitAddress)
    I2C_SendData                             0x080013b5   Thumb Code     4  stm32f10x_i2c.o(i.I2C_SendData)
    MemManage_Handler                        0x08001405   Thumb Code     4  stm32f10x_it.o(i.MemManage_Handler)
    NMI_Handler                              0x08001409   Thumb Code     2  stm32f10x_it.o(i.NMI_Handler)
    NVIC_Init                                0x0800140d   Thumb Code   100  misc.o(i.NVIC_Init)
    NVIC_PriorityGroupConfig                 0x0800147d   Thumb Code    10  misc.o(i.NVIC_PriorityGroupConfig)
    RCC_ADCCLKConfig                         0x08001491   Thumb Code    18  stm32f10x_rcc.o(i.RCC_ADCCLKConfig)
    RCC_APB1PeriphClockCmd                   0x080014a9   Thumb Code    26  stm32f10x_rcc.o(i.RCC_APB1PeriphClockCmd)
    RCC_APB2PeriphClockCmd                   0x080014c9   Thumb Code    26  stm32f10x_rcc.o(i.RCC_APB2PeriphClockCmd)
    RCC_GetClocksFreq                        0x080014e9   Thumb Code   192  stm32f10x_rcc.o(i.RCC_GetClocksFreq)
    SPI_Cmd                                  0x080015bd   Thumb Code    24  stm32f10x_spi.o(i.SPI_Cmd)
    SPI_I2S_GetFlagStatus                    0x080015d5   Thumb Code    18  stm32f10x_spi.o(i.SPI_I2S_GetFlagStatus)
    SPI_I2S_SendData                         0x080015e7   Thumb Code     4  stm32f10x_spi.o(i.SPI_I2S_SendData)
    SPI_Init                                 0x080015eb   Thumb Code    60  stm32f10x_spi.o(i.SPI_Init)
    SysTick_CLKSourceConfig                  0x08001711   Thumb Code    40  misc.o(i.SysTick_CLKSourceConfig)
    SysTick_Handler                          0x08001739   Thumb Code     8  stm32f10x_it.o(i.SysTick_Handler)
    SystemInit                               0x08001741   Thumb Code    78  system_stm32f10x.o(i.SystemInit)
    TIM3_IRQHandler                          0x080017a1   Thumb Code   112  time.o(i.TIM3_IRQHandler)
    TIM4_IRQHandler                          0x08001829   Thumb Code   206  cap.o(i.TIM4_IRQHandler)
    TIM_ClearITPendingBit                    0x08001939   Thumb Code     6  stm32f10x_tim.o(i.TIM_ClearITPendingBit)
    TIM_GetCapture1                          0x0800193f   Thumb Code     6  stm32f10x_tim.o(i.TIM_GetCapture1)
    TIM_GetCapture2                          0x08001945   Thumb Code     6  stm32f10x_tim.o(i.TIM_GetCapture2)
    TIM_GetITStatus                          0x0800194b   Thumb Code    34  stm32f10x_tim.o(i.TIM_GetITStatus)
    TIM_ITConfig                             0x0800196d   Thumb Code    18  stm32f10x_tim.o(i.TIM_ITConfig)
    UIInit                                   0x08001981   Thumb Code   268  main.o(i.UIInit)
    USART1_IRQHandler                        0x08001acd   Thumb Code    32  usart_1.o(i.USART1_IRQHandler)
    USART_Cmd                                0x08001af1   Thumb Code    24  stm32f10x_usart.o(i.USART_Cmd)
    USART_GetFlagStatus                      0x08001b09   Thumb Code    26  stm32f10x_usart.o(i.USART_GetFlagStatus)
    USART_GetITStatus                        0x08001b23   Thumb Code    84  stm32f10x_usart.o(i.USART_GetITStatus)
    USART_ITConfig                           0x08001b77   Thumb Code    74  stm32f10x_usart.o(i.USART_ITConfig)
    USART_Init                               0x08001bc1   Thumb Code   210  stm32f10x_usart.o(i.USART_Init)
    USART_ReceiveData                        0x08001c99   Thumb Code    10  stm32f10x_usart.o(i.USART_ReceiveData)
    USART_SendData                           0x08001ca3   Thumb Code     8  stm32f10x_usart.o(i.USART_SendData)
    UsageFault_Handler                       0x08001cab   Thumb Code     4  stm32f10x_it.o(i.UsageFault_Handler)
    WWDG_ClearFlag                           0x08001cb1   Thumb Code     8  stm32f10x_wwdg.o(i.WWDG_ClearFlag)
    WWDG_IRQHandler                          0x08001cbd   Thumb Code    24  wwdg.o(i.WWDG_IRQHandler)
    __0printf                                0x08001cd9   Thumb Code    22  printfa.o(i.__0printf)
    __1printf                                0x08001cd9   Thumb Code     0  printfa.o(i.__0printf)
    __2printf                                0x08001cd9   Thumb Code     0  printfa.o(i.__0printf)
    __c89printf                              0x08001cd9   Thumb Code     0  printfa.o(i.__0printf)
    printf                                   0x08001cd9   Thumb Code     0  printfa.o(i.__0printf)
    __scatterload_copy                       0x08001cf9   Thumb Code    14  handlers.o(i.__scatterload_copy)
    __scatterload_null                       0x08001d07   Thumb Code     2  handlers.o(i.__scatterload_null)
    __scatterload_zeroinit                   0x08001d09   Thumb Code    14  handlers.o(i.__scatterload_zeroinit)
    adcGpioInit                              0x080025ad   Thumb Code    32  adc.o(i.adcGpioInit)
    adcInit                                  0x080025d1   Thumb Code   130  adc.o(i.adcInit)
    allInit                                  0x08002659   Thumb Code    48  main.o(i.allInit)
    buttonInit                               0x08002689   Thumb Code    34  button.o(i.buttonInit)
    buzzerInit                               0x08002835   Thumb Code    44  buzzer.o(i.buzzerInit)
    delay_init                               0x08002931   Thumb Code    50  delay.o(i.delay_init)
    delay_ms                                 0x08002975   Thumb Code    72  delay.o(i.delay_ms)
    floatNumToStr                            0x080029c1   Thumb Code   272  tool.o(i.floatNumToStr)
    fputc                                    0x08002ad5   Thumb Code    32  usart_1.o(i.fputc)
    intNumToStr                              0x08002af9   Thumb Code   102  tool.o(i.intNumToStr)
    lcdAddressSet                            0x08002b5f   Thumb Code    58  lcd.o(i.lcdAddressSet)
    lcdDebugInfo                             0x08002b99   Thumb Code    32  lcd.o(i.lcdDebugInfo)
    lcdFillColor                             0x08002bf5   Thumb Code    70  lcd.o(i.lcdFillColor)
    lcdGpioInit                              0x08002cb1   Thumb Code    62  lcd.o(i.lcdGpioInit)
    lcdInit                                  0x08002cfd   Thumb Code   502  lcd.o(i.lcdInit)
    lcdShowChar                              0x08002efd   Thumb Code   238  lcd.o(i.lcdShowChar)
    lcdShowChinese                           0x08002ffd   Thumb Code   246  lcd.o(i.lcdShowChinese)
    lcdShowString                            0x080030f9   Thumb Code   112  lcd.o(i.lcdShowString)
    lcdSpiInit                               0x08003169   Thumb Code   154  lcd.o(i.lcdSpiInit)
    lcdWriteByte                             0x08003211   Thumb Code    26  lcd.o(i.lcdWriteByte)
    lcdWriteCommand                          0x08003235   Thumb Code    26  lcd.o(i.lcdWriteCommand)
    lcdWriteDoubleByte                       0x08003259   Thumb Code    18  lcd.o(i.lcdWriteDoubleByte)
    ledInit                                  0x08003301   Thumb Code    40  led.o(i.ledInit)
    main                                     0x0800332d   Thumb Code     8  main.o(i.main)
    pow10                                    0x08003335   Thumb Code    22  tool.o(i.pow10)
    pvPortMalloc                             0x08003e55   Thumb Code   262  heap_4.o(i.pvPortMalloc)
    pxPortInitialiseStack                    0x08003fa5   Thumb Code    30  port.o(i.pxPortInitialiseStack)
    scanButton                               0x08003fc9   Thumb Code   166  button.o(i.scanButton)
    spiWriteByte                             0x08004079   Thumb Code    86  lcd.o(i.spiWriteByte)
    strToFloat                               0x08004159   Thumb Code   116  tool.o(i.strToFloat)
    taskInit                                 0x080041cd   Thumb Code    36  freertos_demo.o(i.taskInit)
    usartInit                                0x080043a5   Thumb Code   160  usart_1.o(i.usartInit)
    usartSendByte                            0x0800444d   Thumb Code    30  usart_1.o(i.usartSendByte)
    uxListRemove                             0x0800446b   Thumb Code    40  list.o(i.uxListRemove)
    uxTaskResetEventItemValue                0x08004495   Thumb Code    24  tasks.o(i.uxTaskResetEventItemValue)
    vListInitialise                          0x080044b1   Thumb Code    26  list.o(i.vListInitialise)
    vListInitialiseItem                      0x080044cb   Thumb Code     6  list.o(i.vListInitialiseItem)
    vListInsert                              0x080044d1   Thumb Code    52  list.o(i.vListInsert)
    vListInsertEnd                           0x08004505   Thumb Code    24  list.o(i.vListInsertEnd)
    vPortEnterCritical                       0x0800451d   Thumb Code    68  port.o(i.vPortEnterCritical)
    vPortExitCritical                        0x080045a1   Thumb Code    48  port.o(i.vPortExitCritical)
    vPortFree                                0x0800460d   Thumb Code   120  heap_4.o(i.vPortFree)
    vPortSetupTimerInterrupt                 0x080046c1   Thumb Code    26  port.o(i.vPortSetupTimerInterrupt)
    vPortValidateInterruptPriority           0x080046e1   Thumb Code    86  port.o(i.vPortValidateInterruptPriority)
    vQueueAddToRegistry                      0x0800477d   Thumb Code    38  queue.o(i.vQueueAddToRegistry)
    vQueueWaitForMessageRestricted           0x080047a9   Thumb Code    74  queue.o(i.vQueueWaitForMessageRestricted)
    vTaskDelay                               0x080047f5   Thumb Code    72  tasks.o(i.vTaskDelay)
    vTaskDelete                              0x0800486d   Thumb Code   192  tasks.o(i.vTaskDelete)
    vTaskMissedYield                         0x0800497d   Thumb Code     8  tasks.o(i.vTaskMissedYield)
    vTaskPlaceOnEventList                    0x08004989   Thumb Code    42  tasks.o(i.vTaskPlaceOnEventList)
    vTaskPlaceOnEventListRestricted          0x080049e1   Thumb Code    50  tasks.o(i.vTaskPlaceOnEventListRestricted)
    vTaskPlaceOnUnorderedEventList           0x08004a41   Thumb Code    80  tasks.o(i.vTaskPlaceOnUnorderedEventList)
    vTaskResume                              0x08004ac1   Thumb Code   118  tasks.o(i.vTaskResume)
    vTaskSetTimeOutState                     0x08004b71   Thumb Code    32  tasks.o(i.vTaskSetTimeOutState)
    vTaskStartScheduler                      0x08004bc1   Thumb Code   108  tasks.o(i.vTaskStartScheduler)
    vTaskSuspend                             0x08004c71   Thumb Code   186  tasks.o(i.vTaskSuspend)
    vTaskSuspendAll                          0x08004d75   Thumb Code    12  tasks.o(i.vTaskSuspendAll)
    vTaskSwitchContext                       0x08004d85   Thumb Code   110  tasks.o(i.vTaskSwitchContext)
    xEventGroupCreate                        0x08004e31   Thumb Code    26  event_groups.o(i.xEventGroupCreate)
    xEventGroupSetBits                       0x08004e4d   Thumb Code   186  event_groups.o(i.xEventGroupSetBits)
    xEventGroupWaitBits                      0x08004f39   Thumb Code   294  event_groups.o(i.xEventGroupWaitBits)
    xPortStartScheduler                      0x08005095   Thumb Code   140  port.o(i.xPortStartScheduler)
    xPortSysTickHandler                      0x08005135   Thumb Code    46  port.o(i.xPortSysTickHandler)
    xQueueGenericCreate                      0x08005169   Thumb Code    78  queue.o(i.xQueueGenericCreate)
    xQueueGenericReceive                     0x080051e1   Thumb Code   386  queue.o(i.xQueueGenericReceive)
    xQueueGenericReset                       0x08005391   Thumb Code   136  queue.o(i.xQueueGenericReset)
    xQueueGenericSend                        0x08005445   Thumb Code   380  queue.o(i.xQueueGenericSend)
    xQueueGenericSendFromISR                 0x080055ed   Thumb Code   218  queue.o(i.xQueueGenericSendFromISR)
    xTaskCheckForTimeOut                     0x080056f1   Thumb Code   116  tasks.o(i.xTaskCheckForTimeOut)
    xTaskCreate                              0x08005795   Thumb Code    96  tasks.o(i.xTaskCreate)
    xTaskGetSchedulerState                   0x080057f5   Thumb Code    24  tasks.o(i.xTaskGetSchedulerState)
    xTaskGetTickCount                        0x08005815   Thumb Code     6  tasks.o(i.xTaskGetTickCount)
    xTaskIncrementTick                       0x08005821   Thumb Code   272  tasks.o(i.xTaskIncrementTick)
    xTaskRemoveFromEventList                 0x08005985   Thumb Code   118  tasks.o(i.xTaskRemoveFromEventList)
    xTaskRemoveFromUnorderedEventList        0x08005a3d   Thumb Code   134  tasks.o(i.xTaskRemoveFromUnorderedEventList)
    xTaskResumeAll                           0x08005b01   Thumb Code   214  tasks.o(i.xTaskResumeAll)
    xTimerCreate                             0x08005c25   Thumb Code    48  timers.o(i.xTimerCreate)
    xTimerCreateTimerTask                    0x08005c55   Thumb Code    56  timers.o(i.xTimerCreateTimerTask)
    xTimerGenericCommand                     0x08005ccd   Thumb Code   116  timers.o(i.xTimerGenericCommand)
    ascii_1206                               0x08005d70   Data        1140  lcd.o(.constdata)
    ascii_1608                               0x080061e4   Data        1520  lcd.o(.constdata)
    ascii_2412                               0x080067d4   Data        4560  lcd.o(.constdata)
    ascii_3216                               0x080079a4   Data        6080  lcd.o(.constdata)
    chinese16                                0x08009164   Data         510  lcd.o(.constdata)
    Region$$Table$$Base                      0x08009364   Number         0  anon$$obj.o(Region$$Table)
    Region$$Table$$Limit                     0x08009384   Number         0  anon$$obj.o(Region$$Table)
    pxCurrentTCB                             0x20000014   Data           4  tasks.o(.data)
    __stdout                                 0x20000088   Data           4  usart.o(.data)
    USART_RX_STA                             0x2000008c   Data           2  usart.o(.data)
    IC1Value                                 0x20000094   Data           2  cap.o(.data)
    IC2Value                                 0x20000096   Data           2  cap.o(.data)
    PSC                                      0x20000098   Data           2  cap.o(.data)
    printCount                               0x2000009a   Data           2  cap.o(.data)
    duty                                     0x2000009c   Data           4  cap.o(.data)
    freq                                     0x200000a0   Data           4  cap.o(.data)
    EEPROM_ADDRESS                           0x200000c8   Data           2  eeprom.o(.data)
    adcVoltage                               0x200000d0   Data           4  main.o(.data)
    mq2Con                                   0x200000d4   Data           2  main.o(.data)
    thresholdVoltage                         0x200000d8   Data           4  main.o(.data)
    SystemCoreClock                          0x200000dc   Data           4  system_stm32f10x.o(.data)
    AHBPrescTable                            0x200000e0   Data          16  system_stm32f10x.o(.data)
    xQueueRegistry                           0x200000f0   Data          80  queue.o(.bss)
    __initial_sp                             0x20003050   Data           0  startup_stm32f10x_md.o(STACK)



==============================================================================

Memory Map of the image

  Image Entry point : 0x080000ed

  Load Region LR_IROM1 (Base: 0x08000000, Size: 0x00009474, Max: 0x00010000, ABSOLUTE)

    Execution Region ER_IROM1 (Base: 0x08000000, Size: 0x00009384, Max: 0x00010000, ABSOLUTE)

    Base Addr    Size         Type   Attr      Idx    E Section Name        Object

    0x08000000   0x000000ec   Data   RO           19    RESET               startup_stm32f10x_md.o
    0x080000ec   0x00000000   Code   RO         4715  * .ARM.Collect$$$$00000000  mc_w.l(entry.o)
    0x080000ec   0x00000004   Code   RO         5009    .ARM.Collect$$$$00000001  mc_w.l(entry2.o)
    0x080000f0   0x00000004   Code   RO         5012    .ARM.Collect$$$$00000004  mc_w.l(entry5.o)
    0x080000f4   0x00000000   Code   RO         5014    .ARM.Collect$$$$00000008  mc_w.l(entry7b.o)
    0x080000f4   0x00000000   Code   RO         5016    .ARM.Collect$$$$0000000A  mc_w.l(entry8b.o)
    0x080000f4   0x00000008   Code   RO         5017    .ARM.Collect$$$$0000000B  mc_w.l(entry9a.o)
    0x080000fc   0x00000000   Code   RO         5019    .ARM.Collect$$$$0000000D  mc_w.l(entry10a.o)
    0x080000fc   0x00000000   Code   RO         5021    .ARM.Collect$$$$0000000F  mc_w.l(entry11a.o)
    0x080000fc   0x00000004   Code   RO         5010    .ARM.Collect$$$$00002712  mc_w.l(entry2.o)
    0x08000100   0x00000096   Code   RO         3865    .emb_text           port.o
    0x08000196   0x00000002   PAD
    0x08000198   0x00000024   Code   RO           20    .text               startup_stm32f10x_md.o
    0x080001bc   0x00000024   Code   RO         4718    .text               mc_w.l(memcpya.o)
    0x080001e0   0x000000b0   Code   RO         4983    .text               mf_w.l(fadd.o)
    0x08000290   0x00000064   Code   RO         4985    .text               mf_w.l(fmul.o)
    0x080002f4   0x0000007c   Code   RO         4987    .text               mf_w.l(fdiv.o)
    0x08000370   0x0000014e   Code   RO         4989    .text               mf_w.l(dadd.o)
    0x080004be   0x000000e4   Code   RO         4991    .text               mf_w.l(dmul.o)
    0x080005a2   0x00000012   Code   RO         4993    .text               mf_w.l(fflti.o)
    0x080005b4   0x0000000a   Code   RO         4995    .text               mf_w.l(ffltui.o)
    0x080005be   0x00000028   Code   RO         4997    .text               mf_w.l(ffixui.o)
    0x080005e6   0x00000026   Code   RO         4999    .text               mf_w.l(f2d.o)
    0x0800060c   0x00000030   Code   RO         5001    .text               mf_w.l(cdcmple.o)
    0x0800063c   0x00000030   Code   RO         5003    .text               mf_w.l(cdrcmple.o)
    0x0800066c   0x00000038   Code   RO         5005    .text               mf_w.l(d2f.o)
    0x080006a4   0x00000014   Code   RO         5007    .text               mf_w.l(cfrcmple.o)
    0x080006b8   0x0000002c   Code   RO         5023    .text               mc_w.l(uidiv.o)
    0x080006e4   0x00000062   Code   RO         5025    .text               mc_w.l(uldiv.o)
    0x08000746   0x0000001e   Code   RO         5027    .text               mc_w.l(llshl.o)
    0x08000764   0x00000024   Code   RO         5029    .text               mc_w.l(llsshr.o)
    0x08000788   0x00000000   Code   RO         5031    .text               mc_w.l(iusefp.o)
    0x08000788   0x0000006e   Code   RO         5032    .text               mf_w.l(fepilogue.o)
    0x080007f6   0x000000ba   Code   RO         5034    .text               mf_w.l(depilogue.o)
    0x080008b0   0x000000de   Code   RO         5036    .text               mf_w.l(ddiv.o)
    0x0800098e   0x00000030   Code   RO         5038    .text               mf_w.l(dfixul.o)
    0x080009be   0x00000002   PAD
    0x080009c0   0x00000024   Code   RO         5040    .text               mc_w.l(init.o)
    0x080009e4   0x00000020   Code   RO         5042    .text               mc_w.l(llushr.o)
    0x08000a04   0x00000006   Code   RO          147    i.ADC_ClearFlag     stm32f10x_adc.o
    0x08000a0a   0x00000016   Code   RO          149    i.ADC_Cmd           stm32f10x_adc.o
    0x08000a20   0x00000014   Code   RO          157    i.ADC_GetCalibrationStatus  stm32f10x_adc.o
    0x08000a34   0x00000008   Code   RO          158    i.ADC_GetConversionValue  stm32f10x_adc.o
    0x08000a3c   0x00000012   Code   RO          160    i.ADC_GetFlagStatus  stm32f10x_adc.o
    0x08000a4e   0x00000014   Code   RO          163    i.ADC_GetResetCalibrationStatus  stm32f10x_adc.o
    0x08000a62   0x00000002   PAD
    0x08000a64   0x00000050   Code   RO          167    i.ADC_Init          stm32f10x_adc.o
    0x08000ab4   0x000000b8   Code   RO          171    i.ADC_RegularChannelConfig  stm32f10x_adc.o
    0x08000b6c   0x0000000a   Code   RO          172    i.ADC_ResetCalibration  stm32f10x_adc.o
    0x08000b76   0x00000016   Code   RO          174    i.ADC_SoftwareStartConvCmd  stm32f10x_adc.o
    0x08000b8c   0x0000000a   Code   RO          176    i.ADC_StartCalibration  stm32f10x_adc.o
    0x08000b96   0x00000004   Code   RO         4604    i.BusFault_Handler  stm32f10x_it.o
    0x08000b9a   0x00000002   Code   RO         4605    i.DebugMon_Handler  stm32f10x_it.o
    0x08000b9c   0x00000002   Code   RO         4139    i.EXTI9_5_IRQHandler  exti.o
    0x08000b9e   0x00000116   Code   RO         1258    i.GPIO_Init         stm32f10x_gpio.o
    0x08000cb4   0x00000012   Code   RO         1262    i.GPIO_ReadInputDataBit  stm32f10x_gpio.o
    0x08000cc6   0x00000004   Code   RO         4606    i.HardFault_Handler  stm32f10x_it.o
    0x08000cca   0x00000018   Code   RO         1367    i.I2C_AcknowledgeConfig  stm32f10x_i2c.o
    0x08000ce2   0x0000002a   Code   RO         1369    i.I2C_CheckEvent    stm32f10x_i2c.o
    0x08000d0c   0x0000000c   Code   RO         1370    i.I2C_ClearFlag     stm32f10x_i2c.o
    0x08000d18   0x00000018   Code   RO         1372    i.I2C_Cmd           stm32f10x_i2c.o
    0x08000d30   0x000001b8   Code   RO         4514    i.I2C_EE_BufferRead  eeprom.o
    0x08000ee8   0x0000012a   Code   RO         4515    i.I2C_EE_BufferWrite  eeprom.o
    0x08001012   0x00000002   PAD
    0x08001014   0x00000018   Code   RO         4517    i.I2C_EE_Init       eeprom.o
    0x0800102c   0x00000134   Code   RO         4518    i.I2C_EE_PageWrite  eeprom.o
    0x08001160   0x00000054   Code   RO         4519    i.I2C_EE_WaitEepromStandbyState  eeprom.o
    0x080011b4   0x00000034   Code   RO         4520    i.I2C_GPIO_Config   eeprom.o
    0x080011e8   0x00000018   Code   RO         1379    i.I2C_GenerateSTART  stm32f10x_i2c.o
    0x08001200   0x00000018   Code   RO         1380    i.I2C_GenerateSTOP  stm32f10x_i2c.o
    0x08001218   0x0000003a   Code   RO         1381    i.I2C_GetFlagStatus  stm32f10x_i2c.o
    0x08001252   0x00000002   PAD
    0x08001254   0x000000ec   Code   RO         1386    i.I2C_Init          stm32f10x_i2c.o
    0x08001340   0x00000044   Code   RO         4521    i.I2C_Mode_Configu  eeprom.o
    0x08001384   0x00000016   Code   RO         1390    i.I2C_ReadRegister  stm32f10x_i2c.o
    0x0800139a   0x00000008   Code   RO         1391    i.I2C_ReceiveData   stm32f10x_i2c.o
    0x080013a2   0x00000012   Code   RO         1393    i.I2C_Send7bitAddress  stm32f10x_i2c.o
    0x080013b4   0x00000004   Code   RO         1394    i.I2C_SendData      stm32f10x_i2c.o
    0x080013b8   0x0000004c   Code   RO         4522    i.I2C_TIMEOUT_UserCallback  eeprom.o
    0x08001404   0x00000004   Code   RO         4607    i.MemManage_Handler  stm32f10x_it.o
    0x08001408   0x00000002   Code   RO         4608    i.NMI_Handler       stm32f10x_it.o
    0x0800140a   0x00000002   PAD
    0x0800140c   0x00000070   Code   RO           24    i.NVIC_Init         misc.o
    0x0800147c   0x00000014   Code   RO           25    i.NVIC_PriorityGroupConfig  misc.o
    0x08001490   0x00000018   Code   RO         1672    i.RCC_ADCCLKConfig  stm32f10x_rcc.o
    0x080014a8   0x00000020   Code   RO         1674    i.RCC_APB1PeriphClockCmd  stm32f10x_rcc.o
    0x080014c8   0x00000020   Code   RO         1676    i.RCC_APB2PeriphClockCmd  stm32f10x_rcc.o
    0x080014e8   0x000000d4   Code   RO         1684    i.RCC_GetClocksFreq  stm32f10x_rcc.o
    0x080015bc   0x00000018   Code   RO         2153    i.SPI_Cmd           stm32f10x_spi.o
    0x080015d4   0x00000012   Code   RO         2161    i.SPI_I2S_GetFlagStatus  stm32f10x_spi.o
    0x080015e6   0x00000004   Code   RO         2165    i.SPI_I2S_SendData  stm32f10x_spi.o
    0x080015ea   0x0000003c   Code   RO         2166    i.SPI_Init          stm32f10x_spi.o
    0x08001626   0x00000008   Code   RO         4681    i.SetSysClock       system_stm32f10x.o
    0x0800162e   0x00000002   PAD
    0x08001630   0x000000e0   Code   RO         4682    i.SetSysClockTo72   system_stm32f10x.o
    0x08001710   0x00000028   Code   RO           28    i.SysTick_CLKSourceConfig  misc.o
    0x08001738   0x00000008   Code   RO         4609    i.SysTick_Handler   stm32f10x_it.o
    0x08001740   0x00000060   Code   RO         4684    i.SystemInit        system_stm32f10x.o
    0x080017a0   0x00000088   Code   RO         4396    i.TIM3_IRQHandler   time.o
    0x08001828   0x00000110   Code   RO         4089    i.TIM4_IRQHandler   cap.o
    0x08001938   0x00000006   Code   RO         2303    i.TIM_ClearITPendingBit  stm32f10x_tim.o
    0x0800193e   0x00000006   Code   RO         2323    i.TIM_GetCapture1   stm32f10x_tim.o
    0x08001944   0x00000006   Code   RO         2324    i.TIM_GetCapture2   stm32f10x_tim.o
    0x0800194a   0x00000022   Code   RO         2329    i.TIM_GetITStatus   stm32f10x_tim.o
    0x0800196c   0x00000012   Code   RO         2333    i.TIM_ITConfig      stm32f10x_tim.o
    0x0800197e   0x00000002   PAD
    0x08001980   0x0000014c   Code   RO         4574    i.UIInit            main.o
    0x08001acc   0x00000024   Code   RO         4448    i.USART1_IRQHandler  usart_1.o
    0x08001af0   0x00000018   Code   RO         2844    i.USART_Cmd         stm32f10x_usart.o
    0x08001b08   0x0000001a   Code   RO         2847    i.USART_GetFlagStatus  stm32f10x_usart.o
    0x08001b22   0x00000054   Code   RO         2848    i.USART_GetITStatus  stm32f10x_usart.o
    0x08001b76   0x0000004a   Code   RO         2850    i.USART_ITConfig    stm32f10x_usart.o
    0x08001bc0   0x000000d8   Code   RO         2851    i.USART_Init        stm32f10x_usart.o
    0x08001c98   0x0000000a   Code   RO         2858    i.USART_ReceiveData  stm32f10x_usart.o
    0x08001ca2   0x00000008   Code   RO         2861    i.USART_SendData    stm32f10x_usart.o
    0x08001caa   0x00000004   Code   RO         4610    i.UsageFault_Handler  stm32f10x_it.o
    0x08001cae   0x00000002   PAD
    0x08001cb0   0x0000000c   Code   RO         3020    i.WWDG_ClearFlag    stm32f10x_wwdg.o
    0x08001cbc   0x0000001c   Code   RO         4490    i.WWDG_IRQHandler   wwdg.o
    0x08001cd8   0x00000020   Code   RO         4955    i.__0printf         mc_w.l(printfa.o)
    0x08001cf8   0x0000000e   Code   RO         5046    i.__scatterload_copy  mc_w.l(handlers.o)
    0x08001d06   0x00000002   Code   RO         5047    i.__scatterload_null  mc_w.l(handlers.o)
    0x08001d08   0x0000000e   Code   RO         5048    i.__scatterload_zeroinit  mc_w.l(handlers.o)
    0x08001d16   0x00000002   PAD
    0x08001d18   0x00000164   Code   RO         4962    i._fp_digits        mc_w.l(printfa.o)
    0x08001e7c   0x000006dc   Code   RO         4963    i._printf_core      mc_w.l(printfa.o)
    0x08002558   0x00000024   Code   RO         4964    i._printf_post_padding  mc_w.l(printfa.o)
    0x0800257c   0x0000002e   Code   RO         4965    i._printf_pre_padding  mc_w.l(printfa.o)
    0x080025aa   0x00000002   PAD
    0x080025ac   0x00000024   Code   RO         4031    i.adcGpioInit       adc.o
    0x080025d0   0x00000088   Code   RO         4032    i.adcInit           adc.o
    0x08002658   0x00000030   Code   RO         4575    i.allInit           main.o
    0x08002688   0x00000028   Code   RO         4052    i.buttonInit        button.o
    0x080026b0   0x00000184   Code   RO         4166    i.buttonTask        freertos_demo.o
    0x08002834   0x00000034   Code   RO         4074    i.buzzerInit        buzzer.o
    0x08002868   0x000000c8   Code   RO         4167    i.createTask        freertos_demo.o
    0x08002930   0x00000044   Code   RO         4002    i.delay_init        delay.o
    0x08002974   0x0000004c   Code   RO         4003    i.delay_ms          delay.o
    0x080029c0   0x00000114   Code   RO         4418    i.floatNumToStr     tool.o
    0x08002ad4   0x00000024   Code   RO         4450    i.fputc             usart_1.o
    0x08002af8   0x00000066   Code   RO         4419    i.intNumToStr       tool.o
    0x08002b5e   0x0000003a   Code   RO         4255    i.lcdAddressSet     lcd.o
    0x08002b98   0x0000005c   Code   RO         4256    i.lcdDebugInfo      lcd.o
    0x08002bf4   0x00000046   Code   RO         4261    i.lcdFillColor      lcd.o
    0x08002c3a   0x00000002   PAD
    0x08002c3c   0x00000074   Code   RO         4168    i.lcdFlickerTask    freertos_demo.o
    0x08002cb0   0x0000004c   Code   RO         4262    i.lcdGpioInit       lcd.o
    0x08002cfc   0x00000200   Code   RO         4263    i.lcdInit           lcd.o
    0x08002efc   0x00000100   Code   RO         4264    i.lcdShowChar       lcd.o
    0x08002ffc   0x000000fc   Code   RO         4265    i.lcdShowChinese    lcd.o
    0x080030f8   0x00000070   Code   RO         4266    i.lcdShowString     lcd.o
    0x08003168   0x000000a8   Code   RO         4267    i.lcdSpiInit        lcd.o
    0x08003210   0x00000024   Code   RO         4268    i.lcdWriteByte      lcd.o
    0x08003234   0x00000024   Code   RO         4269    i.lcdWriteCommand   lcd.o
    0x08003258   0x00000012   Code   RO         4270    i.lcdWriteDoubleByte  lcd.o
    0x0800326a   0x00000002   PAD
    0x0800326c   0x00000094   Code   RO         4169    i.ledAlarmTask      freertos_demo.o
    0x08003300   0x0000002c   Code   RO         4369    i.ledInit           led.o
    0x0800332c   0x00000008   Code   RO         4576    i.main              main.o
    0x08003334   0x00000016   Code   RO         4420    i.pow10             tool.o
    0x0800334a   0x00000002   PAD
    0x0800334c   0x00000098   Code   RO         3407    i.prvAddCurrentTaskToDelayedList  tasks.o
    0x080033e4   0x000000b4   Code   RO         3408    i.prvAddNewTaskToReadyList  tasks.o
    0x08003498   0x00000064   Code   RO         3698    i.prvCheckForValidListAndQueue  timers.o
    0x080034fc   0x00000064   Code   RO         3409    i.prvCheckTasksWaitingTermination  tasks.o
    0x08003560   0x0000002a   Code   RO         3253    i.prvCopyDataFromQueue  queue.o
    0x0800358a   0x0000006a   Code   RO         3254    i.prvCopyDataToQueue  queue.o
    0x080035f4   0x00000012   Code   RO         3410    i.prvDeleteTCB      tasks.o
    0x08003606   0x00000002   PAD
    0x08003608   0x00000028   Code   RO         3699    i.prvGetNextExpireTime  timers.o
    0x08003630   0x0000007c   Code   RO         3816    i.prvHeapInit       heap_4.o
    0x080036ac   0x00000028   Code   RO         3411    i.prvIdleTask       tasks.o
    0x080036d4   0x00000026   Code   RO         3255    i.prvInitialiseNewQueue  queue.o
    0x080036fa   0x00000002   PAD
    0x080036fc   0x000000c4   Code   RO         3412    i.prvInitialiseNewTask  tasks.o
    0x080037c0   0x00000070   Code   RO         3700    i.prvInitialiseNewTimer  timers.o
    0x08003830   0x00000068   Code   RO         3413    i.prvInitialiseTaskLists  tasks.o
    0x08003898   0x00000068   Code   RO         3817    i.prvInsertBlockIntoFreeList  heap_4.o
    0x08003900   0x00000058   Code   RO         3701    i.prvInsertTimerInActiveList  timers.o
    0x08003958   0x0000001a   Code   RO         3256    i.prvIsQueueEmpty   queue.o
    0x08003972   0x0000001e   Code   RO         3257    i.prvIsQueueFull    queue.o
    0x08003990   0x00000084   Code   RO         3702    i.prvProcessExpiredTimer  timers.o
    0x08003a14   0x00000110   Code   RO         3703    i.prvProcessReceivedCommands  timers.o
    0x08003b24   0x00000074   Code   RO         3704    i.prvProcessTimerOrBlockTask  timers.o
    0x08003b98   0x00000034   Code   RO         3414    i.prvResetNextTaskUnblockTime  tasks.o
    0x08003bcc   0x0000002c   Code   RO         3705    i.prvSampleTimeNow  timers.o
    0x08003bf8   0x000000c0   Code   RO         3706    i.prvSwitchTimerLists  timers.o
    0x08003cb8   0x0000006c   Code   RO         3866    i.prvTaskExitError  port.o
    0x08003d24   0x00000078   Code   RO         3415    i.prvTaskIsTaskSuspended  tasks.o
    0x08003d9c   0x0000001e   Code   RO         3120    i.prvTestWaitCondition  event_groups.o
    0x08003dba   0x0000001a   Code   RO         3707    i.prvTimerTask      timers.o
    0x08003dd4   0x0000007e   Code   RO         3258    i.prvUnlockQueue    queue.o
    0x08003e52   0x00000002   PAD
    0x08003e54   0x00000150   Code   RO         3818    i.pvPortMalloc      heap_4.o
    0x08003fa4   0x00000024   Code   RO         3867    i.pxPortInitialiseStack  port.o
    0x08003fc8   0x000000b0   Code   RO         4053    i.scanButton        button.o
    0x08004078   0x0000005c   Code   RO         4271    i.spiWriteByte      lcd.o
    0x080040d4   0x00000084   Code   RO         4170    i.startTask         freertos_demo.o
    0x08004158   0x00000074   Code   RO         4421    i.strToFloat        tool.o
    0x080041cc   0x00000038   Code   RO         4171    i.taskInit          freertos_demo.o
    0x08004204   0x0000001c   Code   RO         4172    i.timerCheckCallback  freertos_demo.o
    0x08004220   0x00000184   Code   RO         4173    i.updateLcdTask     freertos_demo.o
    0x080043a4   0x000000a8   Code   RO         4451    i.usartInit         usart_1.o
    0x0800444c   0x0000001e   Code   RO         4452    i.usartSendByte     usart_1.o
    0x0800446a   0x00000028   Code   RO         3216    i.uxListRemove      list.o
    0x08004492   0x00000002   PAD
    0x08004494   0x0000001c   Code   RO         3420    i.uxTaskResetEventItemValue  tasks.o
    0x080044b0   0x0000001a   Code   RO         3217    i.vListInitialise   list.o
    0x080044ca   0x00000006   Code   RO         3218    i.vListInitialiseItem  list.o
    0x080044d0   0x00000034   Code   RO         3219    i.vListInsert       list.o
    0x08004504   0x00000018   Code   RO         3220    i.vListInsertEnd    list.o
    0x0800451c   0x00000084   Code   RO         3869    i.vPortEnterCritical  port.o
    0x080045a0   0x0000006c   Code   RO         3870    i.vPortExitCritical  port.o
    0x0800460c   0x000000b4   Code   RO         3819    i.vPortFree         heap_4.o
    0x080046c0   0x00000020   Code   RO         3871    i.vPortSetupTimerInterrupt  port.o
    0x080046e0   0x0000009c   Code   RO         3872    i.vPortValidateInterruptPriority  port.o
    0x0800477c   0x0000002c   Code   RO         3262    i.vQueueAddToRegistry  queue.o
    0x080047a8   0x0000004a   Code   RO         3265    i.vQueueWaitForMessageRestricted  queue.o
    0x080047f2   0x00000002   PAD
    0x080047f4   0x00000078   Code   RO         3421    i.vTaskDelay        tasks.o
    0x0800486c   0x00000110   Code   RO         3423    i.vTaskDelete       tasks.o
    0x0800497c   0x0000000c   Code   RO         3425    i.vTaskMissedYield  tasks.o
    0x08004988   0x00000058   Code   RO         3427    i.vTaskPlaceOnEventList  tasks.o
    0x080049e0   0x00000060   Code   RO         3428    i.vTaskPlaceOnEventListRestricted  tasks.o
    0x08004a40   0x00000080   Code   RO         3429    i.vTaskPlaceOnUnorderedEventList  tasks.o
    0x08004ac0   0x000000b0   Code   RO         3431    i.vTaskResume       tasks.o
    0x08004b70   0x00000050   Code   RO         3432    i.vTaskSetTimeOutState  tasks.o
    0x08004bc0   0x000000b0   Code   RO         3433    i.vTaskStartScheduler  tasks.o
    0x08004c70   0x00000104   Code   RO         3434    i.vTaskSuspend      tasks.o
    0x08004d74   0x00000010   Code   RO         3435    i.vTaskSuspendAll   tasks.o
    0x08004d84   0x000000ac   Code   RO         3436    i.vTaskSwitchContext  tasks.o
    0x08004e30   0x0000001a   Code   RO         3125    i.xEventGroupCreate  event_groups.o
    0x08004e4a   0x00000002   PAD
    0x08004e4c   0x000000ec   Code   RO         3127    i.xEventGroupSetBits  event_groups.o
    0x08004f38   0x0000015c   Code   RO         3129    i.xEventGroupWaitBits  event_groups.o
    0x08005094   0x000000a0   Code   RO         3873    i.xPortStartScheduler  port.o
    0x08005134   0x00000034   Code   RO         3874    i.xPortSysTickHandler  port.o
    0x08005168   0x00000078   Code   RO         3266    i.xQueueGenericCreate  queue.o
    0x080051e0   0x000001b0   Code   RO         3267    i.xQueueGenericReceive  queue.o
    0x08005390   0x000000b4   Code   RO         3268    i.xQueueGenericReset  queue.o
    0x08005444   0x000001a8   Code   RO         3269    i.xQueueGenericSend  queue.o
    0x080055ec   0x00000104   Code   RO         3270    i.xQueueGenericSendFromISR  queue.o
    0x080056f0   0x000000a4   Code   RO         3437    i.xTaskCheckForTimeOut  tasks.o
    0x08005794   0x00000060   Code   RO         3438    i.xTaskCreate       tasks.o
    0x080057f4   0x00000020   Code   RO         3441    i.xTaskGetSchedulerState  tasks.o
    0x08005814   0x0000000c   Code   RO         3442    i.xTaskGetTickCount  tasks.o
    0x08005820   0x00000164   Code   RO         3444    i.xTaskIncrementTick  tasks.o
    0x08005984   0x000000b8   Code   RO         3447    i.xTaskRemoveFromEventList  tasks.o
    0x08005a3c   0x000000c4   Code   RO         3448    i.xTaskRemoveFromUnorderedEventList  tasks.o
    0x08005b00   0x00000124   Code   RO         3449    i.xTaskResumeAll    tasks.o
    0x08005c24   0x00000030   Code   RO         3710    i.xTimerCreate      timers.o
    0x08005c54   0x00000078   Code   RO         3711    i.xTimerCreateTimerTask  timers.o
    0x08005ccc   0x000000a4   Code   RO         3712    i.xTimerGenericCommand  timers.o
    0x08005d70   0x000035f2   Data   RO         4272    .constdata          lcd.o
    0x08009362   0x00000002   PAD
    0x08009364   0x00000020   Data   RO         5044    Region$$Table       anon$$obj.o


    Execution Region RW_IRAM1 (Base: 0x20000000, Size: 0x00003050, Max: 0x00005000, ABSOLUTE)

    Base Addr    Size         Type   Attr      Idx    E Section Name        Object

    0x20000000   0x00000014   Data   RW         1704    .data               stm32f10x_rcc.o
    0x20000014   0x0000003c   Data   RW         3452    .data               tasks.o
    0x20000050   0x00000014   Data   RW         3718    .data               timers.o
    0x20000064   0x00000018   Data   RW         3824    .data               heap_4.o
    0x2000007c   0x0000000c   Data   RW         3875    .data               port.o
    0x20000088   0x00000006   Data   RW         3945    .data               usart.o
    0x2000008e   0x00000004   Data   RW         4005    .data               delay.o
    0x20000092   0x00000001   Data   RW         4054    .data               button.o
    0x20000093   0x00000001   PAD
    0x20000094   0x00000010   Data   RW         4092    .data               cap.o
    0x200000a4   0x00000024   Data   RW         4174    .data               freertos_demo.o
    0x200000c8   0x00000008   Data   RW         4523    .data               eeprom.o
    0x200000d0   0x0000000c   Data   RW         4577    .data               main.o
    0x200000dc   0x00000014   Data   RW         4685    .data               system_stm32f10x.o
    0x200000f0   0x00000050   Zero   RW         3276    .bss                queue.o
    0x20000140   0x000002e4   Zero   RW         3451    .bss                tasks.o
    0x20000424   0x00000028   Zero   RW         3717    .bss                timers.o
    0x2000044c   0x00002800   Zero   RW         3823    .bss                heap_4.o
    0x20002c4c   0x00000004   PAD
    0x20002c50   0x00000400   Zero   RW           17    STACK               startup_stm32f10x_md.o


==============================================================================

Image component sizes


      Code (inc. data)   RO Data    RW Data    ZI Data      Debug   Object Name

       172         10          0          0          0        956   adc.o
       216         16          0          1          0       1050   button.o
        52          8          0          0          0        449   buzzer.o
       272         66          0         16          0       2083   cap.o
         0          0          0          0          0       4528   core_cm3.o
         0          0          0          0          0       9868   croutine.o
       144         22          0          4          0       1076   delay.o
      1350        138          0          8          0       5307   eeprom.o
       640        104          0          0          0      16455   event_groups.o
         2          0          0          0          0        385   exti.o
      1456        294          0         36          0       8188   freertos_demo.o
       744        168          0         24      10240       3543   heap_4.o
      1778        148      13810          0          0       9179   lcd.o
        44          4          0          0          0        430   led.o
       148          0          0          0          0       2834   list.o
       388         64          0         12          0       1483   main.o
       172         22          0          0          0     272341   misc.o
       934        304          0         12          0       9565   port.o
      1902        224          0          0         80      13853   queue.o
        36          8        236          0       1024        756   startup_stm32f10x_md.o
       400         10          0          0          0       8065   stm32f10x_adc.o
       296          0          0          0          0       2460   stm32f10x_gpio.o
       496         14          0          0          0       8347   stm32f10x_i2c.o
        28          0          0          0          0       2635   stm32f10x_it.o
       300         38          0         20          0       4733   stm32f10x_rcc.o
       106          0          0          0          0       3080   stm32f10x_spi.o
        70          0          0          0          0       3149   stm32f10x_tim.o
       442          6          0          0          0       5829   stm32f10x_usart.o
        12          4          0          0          0        425   stm32f10x_wwdg.o
       328         28          0         20          0       1877   system_stm32f10x.o
      3918       1156          0         60        740      29120   tasks.o
       136         24          0          0          0        466   time.o
      1454        374          0         20         40       9386   timers.o
       516          4          0          0          0       2975   tool.o
         0          0          0          6          0       1784   usart.o
       270         16          0          0          0       2400   usart_1.o
        28          4          0          0          0        410   wwdg.o

    ----------------------------------------------------------------------
     19284       3278      14080        240      12128     451470   Object Totals
         0          0         32          0          0          0   (incl. Generated)
        34          0          2          1          4          0   (incl. Padding)

    ----------------------------------------------------------------------

      Code (inc. data)   RO Data    RW Data    ZI Data      Debug   Library Member Name

         0          0          0          0          0          0   entry.o
         0          0          0          0          0          0   entry10a.o
         0          0          0          0          0          0   entry11a.o
         8          4          0          0          0          0   entry2.o
         4          0          0          0          0          0   entry5.o
         0          0          0          0          0          0   entry7b.o
         0          0          0          0          0          0   entry8b.o
         8          4          0          0          0          0   entry9a.o
        30          0          0          0          0          0   handlers.o
        36          8          0          0          0         68   init.o
         0          0          0          0          0          0   iusefp.o
        30          0          0          0          0         68   llshl.o
        36          0          0          0          0         68   llsshr.o
        32          0          0          0          0         68   llushr.o
        36          0          0          0          0         68   memcpya.o
      2226         90          0          0          0        444   printfa.o
        44          0          0          0          0         80   uidiv.o
        98          0          0          0          0         92   uldiv.o
        48          0          0          0          0         68   cdcmple.o
        48          0          0          0          0         68   cdrcmple.o
        20          0          0          0          0         68   cfrcmple.o
        56          0          0          0          0         88   d2f.o
       334          0          0          0          0        148   dadd.o
       222          0          0          0          0        100   ddiv.o
       186          0          0          0          0        176   depilogue.o
        48          0          0          0          0         68   dfixul.o
       228          0          0          0          0         96   dmul.o
        38          0          0          0          0         68   f2d.o
       176          0          0          0          0        140   fadd.o
       124          0          0          0          0         88   fdiv.o
       110          0          0          0          0        168   fepilogue.o
        40          0          0          0          0         68   ffixui.o
        18          0          0          0          0         68   fflti.o
        10          0          0          0          0         68   ffltui.o
       100          0          0          0          0         76   fmul.o

    ----------------------------------------------------------------------
      4400        106          0          0          0       2580   Library Totals
         6          0          0          0          0          0   (incl. Padding)

    ----------------------------------------------------------------------

      Code (inc. data)   RO Data    RW Data    ZI Data      Debug   Library Name

      2588        106          0          0          0        956   mc_w.l
      1806          0          0          0          0       1624   mf_w.l

    ----------------------------------------------------------------------
      4400        106          0          0          0       2580   Library Totals

    ----------------------------------------------------------------------

==============================================================================


      Code (inc. data)   RO Data    RW Data    ZI Data      Debug   

     23684       3384      14080        240      12128     443178   Grand Totals
     23684       3384      14080        240      12128     443178   ELF Image Totals
     23684       3384      14080        240          0          0   ROM Totals

==============================================================================

    Total RO  Size (Code + RO Data)                37764 (  36.88kB)
    Total RW  Size (RW Data + ZI Data)             12368 (  12.08kB)
    Total ROM Size (Code + RO Data + RW Data)      38004 (  37.11kB)

==============================================================================

